******************************************************************************
            TI ARM Clang Linker PC v2.1.3                      
******************************************************************************
>> Linked Thu Jun 27 19:52:38 2024

OUTPUT FILE NAME:   <ECE319K_Lab9.out>
ENTRY POINT SYMBOL: "_c_int00_noargs"  address: 0000bc11


MEMORY CONFIGURATION

         name            origin    length      used     unused   attr    fill
----------------------  --------  ---------  --------  --------  ----  --------
  FLASH                 00000000   00020000  0000c070  00013f90  R  X
  SRAM                  20200000   00008000  0000091e  000076e2  RW X
  BCR_CONFIG            41c00000   00000080  00000000  00000080  R   
  BSL_CONFIG            41c00100   00000080  00000000  00000080  R   


SEGMENT ALLOCATION MAP

run origin  load origin   length   init length attrs members
----------  ----------- ---------- ----------- ----- -------
00000000    00000000    0000c070   0000c070    r-x
  00000000    00000000    000000c0   000000c0    r-- .intvecs
  000000c0    000000c0    00007860   00007860    r-- .rodata
  00007920    00007920    000046c0   000046c0    r-x .text
  0000bfe0    0000bfe0    00000090   00000090    r-- .cinit
20200000    20200000    00000725   00000000    rw-
  20200000    20200000    00000321   00000000    rw- .bss
  20200328    20200328    00000200   00000000    rw- .sysmem
  20200528    20200528    000001fd   00000000    rw- .data
20207e00    20207e00    00000200   00000000    rw-
  20207e00    20207e00    00000200   00000000    rw- .stack


SECTION ALLOCATION MAP

 output                                  attributes/
section   page    origin      length       input sections
--------  ----  ----------  ----------   ----------------
.intvecs   0    00000000    000000c0     
                  00000000    000000c0     startup_mspm0g3507_ticlang.o (.intvecs)

.text      0    00007920    000046c0     
                  00007920    00000898     libc.a : _printfi.c.obj (.text:__TI_printfi_nofloat)
                  000081b8    000003c8     GameEngine.o (.text.UpdatePlatforms)
                  00008580    00000210     ST7735.o (.text.ST7735_DrawBitmap)
                  00008790    00000200     GameEngine.o (.text.PlatformsInit)
                  00008990    000001b4     Clock.o (.text.Clock_Init80MHz)
                  00008b44    000001a0     ST7735.o (.text.ST7735_DrawCharS)
                  00008ce4    0000013c     libc.a : fopen.c.obj (.text._openfile)
                  00008e20    0000013c            : memory.c.obj (.text.aligned_alloc)
                  00008f5c    00000128     TExaS.o (.text.ADC_Init)
                  00009084    00000118     ST7735.o (.text.ST7735_FillRect)
                  0000919c    00000114     Lab9Main.o (.text.main)
                  000092b0    00000110     GameEngine.o (.text.CheckForCollision)
                  000093c0    00000100     libc.a : memory.c.obj (.text.free)
                  000094c0    000000f8     SPI.o (.text.SPI_Init)
                  000095b8    000000f8     libc.a : fputs.c.obj (.text.fputs)
                  000096b0    000000f4     Lab9Main.o (.text.TIMG12_IRQHandler)
                  000097a4    000000e8     TExaS.o (.text.UART_Init)
                  0000988c    000000e8     libsysbm.a : add_device.c.obj (.text.add_device)
                  00009974    000000e4     Graphics.o (.text.DisplayScore)
                  00009a58    000000e0     libc.a : setvbuf.c.obj (.text.setvbuf)
                  00009b38    000000d0     Graphics.o (.text.DisplayPlatforms)
                  00009c08    000000d0     ST7735.o (.text.ST7735_OutChar)
                  00009cd8    000000c8     Graphics.o (.text.DisplayOptions)
                  00009da0    000000c4     Graphics.o (.text.DisplayGameOver)
                  00009e64    000000c4     GameEngine.o (.text.UpdateDoodlerPosition)
                  00009f28    000000b4     Graphics.o (.text.DisplayTitle)
                  00009fdc    000000a8     Timer.o (.text.TimerG7_IntArm)
                  0000a084    000000a8     libsysbm.a : open.c.obj (.text.open)
                  0000a12c    000000a2     ST7735.o (.text.commandList)
                  0000a1ce    00000002     libclang_rt.builtins.a : aeabi_div0.c.obj (.text.__aeabi_idiv0)
                  0000a1d0    000000a2                            : udivmoddi4.S.obj (.text)
                  0000a272    00000002                            : aeabi_div0.c.obj (.text.__aeabi_ldiv0)
                  0000a274    0000009c     ST7735.o (.text.ST7735_InitPrintf)
                  0000a310    00000098     ST7735.o (.text.ST7735_InitR)
                  0000a3a8    00000094     Graphics.o (.text.DisplayDoodler)
                  0000a43c    00000094     Timer.o (.text.TimerG12_IntArm)
                  0000a4d0    00000090     libc.a : fputc.c.obj (.text.fputc)
                  0000a560    00000088     ST7735.o (.text.setAddrWindow)
                  0000a5e8    00000084     ST7735.o (.text.ST7735_DrawString)
                  0000a66c    00000084     libc.a : fopen.c.obj (.text.fopen)
                  0000a6f0    00000080     GameEngine.o (.text.CheckForEndOfPowerUp)
                  0000a770    00000080     GameEngine.o (.text.RemovePlatforms)
                  0000a7f0    0000007c     LaunchPad.o (.text.LaunchPad_Init)
                  0000a86c    0000007c     libc.a : fclose.c.obj (.text.__TI_closefile)
                  0000a8e8    00000078     ADC1.o (.text.ADCinit)
                  0000a960    00000074     MenuHandler.o (.text.MainMenu)
                  0000a9d4    00000074     MenuHandler.o (.text.MenuHandler)
                  0000aa48    00000070     ST7735.o (.text.ST7735_DrawPixel)
                  0000aab8    0000006c     libc.a : fseek.c.obj (.text.fseeko)
                  0000ab24    0000006c            : getdevice.c.obj (.text.getdevice)
                  0000ab90    00000068     libsysbm.a : hostlseek.c.obj (.text.HOSTlseek)
                  0000abf8    00000068                : hostrename.c.obj (.text.HOSTrename)
                  0000ac60    00000068     libc.a : copy_decompress_lzss.c.obj (.text:decompress:lzss)
                  0000acc8    00000064     GameEngine.o (.text.DoodlerInit)
                  0000ad2c    00000064     MenuHandler.o (.text.GameOver)
                  0000ad90    00000064     libc.a : _io_perm.c.obj (.text.__TI_wrt_ok)
                  0000adf4    00000064            : memory.c.obj (.text.split)
                  0000ae58    00000060     MenuHandler.o (.text.Options)
                  0000aeb8    0000005c     libsysbm.a : hostopen.c.obj (.text.HOSTopen)
                  0000af14    0000005c     libc.a : printf.c.obj (.text.printf)
                  0000af70    00000058     GameEngine.o (.text.AddPHat)
                  0000afc8    00000058     GameEngine.o (.text.CheckforUnpause)
                  0000b020    00000058     libsysbm.a : hostread.c.obj (.text.HOSTread)
                  0000b078    00000058                : hostwrite.c.obj (.text.HOSTwrite)
                  0000b0d0    00000058     TExaS.o (.text.TExaS_Init)
                  0000b128    00000056     libclang_rt.builtins.a : aeabi_idivmod.S.obj (.text)
                  0000b17e    00000002     libc.a : _lock.c.obj (.text._nop)
                  0000b180    00000054     GameEngine.o (.text.CheckForPause)
                  0000b1d4    00000050     libc.a : fflush.c.obj (.text.__TI_doflush)
                  0000b224    00000050     libsysbm.a : close.c.obj (.text.close)
                  0000b274    0000004c     Sound.o (.text.SysTick_IntArm)
                  0000b2c0    00000048     libsysbm.a : hostclose.c.obj (.text.HOSTclose)
                  0000b308    00000048                : hostunlink.c.obj (.text.HOSTunlink)
                  0000b350    00000048     SPI.o (.text.SPI_OutCommand)
                  0000b398    00000044     ADC1.o (.text.ADCin)
                  0000b3dc    00000044     libc.a : atoi.c.obj (.text.atoi)
                  0000b420    00000040     SPI.o (.text.SPI_Reset)
                  0000b460    00000040     TExaS.o (.text.TIMG7_IRQHandler)
                  0000b4a0    00000040     libclang_rt.builtins.a : aeabi_uidivmod.S.obj (.text)
                  0000b4e0    0000003e     GameEngine.o (.text.RemoveDoodler)
                  0000b51e    00000002     --HOLE-- [fill = 0]
                  0000b520    0000003c     GameEngine.o (.text.GameEnd)
                  0000b55c    0000003c     MenuHandler.o (.text.LangSwitch)
                  0000b598    0000003c     GameEngine.o (.text.PHatDInit)
                  0000b5d4    0000003c     Graphics.o (.text.QuickErasePHat)
                  0000b610    0000003c     Sound.o (.text.Sound_Bounce)
                  0000b64c    0000003c     Sound.o (.text.Sound_Killed)
                  0000b688    0000003c     libc.a : autoinit.c.obj (.text:__TI_auto_init_nobinit_nopinit)
                  0000b6c4    0000003a     libclang_rt.builtins.a : muldsi3.S.obj (.text)
                  0000b6fe    00000002     --HOLE-- [fill = 0]
                  0000b700    00000038     LaunchPad.o (.text.ActivatePortA_B)
                  0000b738    00000038     DAC5.o (.text.DAC5_Init)
                  0000b770    00000038     SPI.o (.text.SPI_OutData)
                  0000b7a8    00000038     libc.a : getdevice.c.obj (.text.finddevice)
                  0000b7e0    00000034     Clock.o (.text.Clock_Delay1ms)
                  0000b814    00000034     ST7735.o (.text.ST7735_SetCursor)
                  0000b848    00000034     ST7735.o (.text.ST7735_write)
                  0000b87c    00000034     Sound.o (.text.Sound_Start)
                  0000b8b0    00000034     libc.a : fopen.c.obj (.text.__TI_cleanup)
                  0000b8e4    00000034     libsysbm.a : trgmsg.c.obj (.text.__TI_readmsg)
                  0000b918    00000034                : trgmsg.c.obj (.text.__TI_writemsg)
                  0000b94c    00000034     libc.a : exit.c.obj (.text.exit)
                  0000b980    00000034            : fopen.c.obj (.text.freopen)
                  0000b9b4    00000030     Switch.o (.text.Switch_Init)
                  0000b9e4    00000030     GameEngine.o (.text.UpdateScore)
                  0000ba14    00000030     ST7735.o (.text.commonInit)
                  0000ba44    0000002e     GameEngine.o (.text.PHatPInit)
                  0000ba72    00000002     --HOLE-- [fill = 0]
                  0000ba74    0000002c     LED.o (.text.LED_Init)
                  0000baa0    0000002c     ST7735.o (.text.ST7735_FillScreen)
                  0000bacc    0000002c     libsysbm.a : unlink.c.obj (.text.unlink)
                  0000baf8    00000028     TExaS.o (.text.ADC_Start)
                  0000bb20    00000028     GameEngine.o (.text.FreezeDoodler)
                  0000bb48    00000028     GameEngine.o (.text.GameConvert)
                  0000bb70    00000028     Sound.o (.text.SysTick_Handler)
                  0000bb98    00000028     libc.a : memory.c.obj (.text.free_list_insert)
                  0000bbc0    00000028     libsysbm.a : lseek.c.obj (.text.lseek)
                  0000bbe8    00000028                : write.c.obj (.text.write)
                  0000bc10    00000028     libc.a : boot_cortex_m.c.obj (.text:_c_int00_noargs)
                  0000bc38    00000026     ST7735.o (.text.ST7735_OutString)
                  0000bc5e    00000024     libc.a : memccpy.c.obj (.text.memccpy)
                  0000bc82    00000002     --HOLE-- [fill = 0]
                  0000bc84    00000024     libclang_rt.builtins.a : muldi3.S.obj (.text)
                  0000bca8    00000020     MenuHandler.o (.text.MenuInit)
                  0000bcc8    00000020     Lab9Main.o (.text.Random32)
                  0000bce8    0000001e     ST7735.o (.text.pushColor)
                  0000bd06    00000002     --HOLE-- [fill = 0]
                  0000bd08    0000001e     libclang_rt.builtins.a : ashldi3.S.obj (.text)
                  0000bd26    00000002     --HOLE-- [fill = 0]
                  0000bd28    0000001c     DAC5.o (.text.DAC5_Out)
                  0000bd44    0000001c     GameEngine.o (.text.UpdateDoodlerSpeed)
                  0000bd60    0000001c     libc.a : memory.c.obj (.text.free_list_remove)
                  0000bd7c    0000001c     libclang_rt.builtins.a : aeabi_memset.S.obj (.text)
                  0000bd98    0000001a     GameEngine.o (.text.UnFreezeDoodler)
                  0000bdb2    00000002     --HOLE-- [fill = 0]
                  0000bdb4    00000018     MenuHandler.o (.text.MenuPlatformInit)
                  0000bdcc    00000018     Lab9Main.o (.text.Random)
                  0000bde4    00000016     ST7735.o (.text.ST7735_open)
                  0000bdfa    00000016     ST7735.o (.text.ST7735_read)
                  0000be10    00000014     Lab9Main.o (.text.Random_Init)
                  0000be24    00000014     ST7735.o (.text.ST7735_SetTextColor)
                  0000be38    00000014     GameEngine.o (.text.SetOldPosition)
                  0000be4c    00000014     Sound.o (.text.Sound_Stop)
                  0000be60    00000014     libc.a : copy_zero_init.c.obj (.text:decompress:ZI:__TI_zero_init_nomemset)
                  0000be74    00000014     libclang_rt.builtins.a : aeabi_uldivmod.S.obj (.text)
                  0000be88    00000012     libc.a : memcpy16.S.obj (.text:TI_memcpy_small)
                  0000be9a    00000012            : copy_decompress_none.c.obj (.text:decompress:none)
                  0000beac    00000010     Graphics.o (.text.ClearMenu)
                  0000bebc    00000010     Clock.o (.text.Clock_Delay)
                  0000becc    00000010     Sound.o (.text.Sound_Init)
                  0000bedc    00000010     Switch.o (.text.Switch_In)
                  0000beec    00000010     Lab9Main.o (.text.TExaS_LaunchPadLogicPB27PB26)
                  0000befc    00000010     libc.a : wcslen.c.obj (.text.wcslen)
                  0000bf0c    0000000e     ST7735.o (.text.ST7735_lseek)
                  0000bf1a    0000000e     libsysbm.a : hostrename.c.obj (.text.strcpy)
                  0000bf28    0000000e     libc.a : _printfi.c.obj (.text.strlen)
                  0000bf36    0000000e     libsysbm.a : hostrename.c.obj (.text.strlen)
                  0000bf44    0000000e     libc.a : memset16.S.obj (.text:TI_memset_small)
                  0000bf52    00000002     --HOLE-- [fill = 0]
                  0000bf54    0000000c     Clock.o (.text.Clock_Freq)
                  0000bf60    0000000c     ST7735.o (.text.ST7735_rename)
                  0000bf6c    0000000c     libc.a : memory.c.obj (.text.malloc)
                  0000bf78    0000000a     Lab9Main.o (.text.PLL_Init)
                  0000bf82    0000000a     ST7735.o (.text.ST7735_close)
                  0000bf8c    0000000a     ST7735.o (.text.ST7735_unlink)
                  0000bf96    00000002     --HOLE-- [fill = 0]
                  0000bf98    00000008     libc.a : aeabi_portable.c.obj (.text.__aeabi_errno_addr)
                  0000bfa0    00000008            : printf.c.obj (.text._outc)
                  0000bfa8    00000008            : printf.c.obj (.text._outs)
                  0000bfb0    00000008            : fseek.c.obj (.text.fseek)
                  0000bfb8    00000008     libsysbm.a : remove.c.obj (.text.remove)
                  0000bfc0    00000008     libclang_rt.builtins.a : aeabi_memcpy.S.obj (.text)
                  0000bfc8    00000004     startup_mspm0g3507_ticlang.o (.text.Default_Handler)
                  0000bfcc    00000004     startup_mspm0g3507_ticlang.o (.text.HardFault_Handler)
                  0000bfd0    00000004     startup_mspm0g3507_ticlang.o (.text.Reset_Handler)
                  0000bfd4    00000004     libc.a : pre_init.c.obj (.text._system_pre_init)
                  0000bfd8    00000004            : exit.c.obj (.text:abort)
                  0000bfdc    00000004     --HOLE-- [fill = 0]

.cinit     0    0000bfe0    00000090     
                  0000bfe0    0000006c     (.cinit..data.load) [load image, compression = lzss]
                  0000c04c    0000000c     (__TI_handler_table)
                  0000c058    00000008     (.cinit..bss.load) [load image, compression = zero_init]
                  0000c060    00000010     (__TI_cinit_table)

.rodata    0    000000c0    00007860     
                  000000c0    00001c00     Graphics.o (.rodata.title)
                  00001cc0    0000108d     Sound.o (.rodata.Fall)
                  00002d4d    00000001     --HOLE-- [fill = 0]
                  00002d4e    00000e00     Graphics.o (.rodata.optionsbutton)
                  00003b4e    00000e00     Graphics.o (.rodata.optionsbuttonspanish)
                  0000494e    00000e00     Graphics.o (.rodata.playbutton)
                  0000574e    00000e00     Graphics.o (.rodata.playbuttonspanish)
                  0000654e    000004fb     ST7735.o (.rodata.Font)
                  00006a49    00000001     --HOLE-- [fill = 0]
                  00006a4a    0000031e     Graphics.o (.rodata.DoodlerBlank)
                  00006d68    0000031e     Graphics.o (.rodata.DoodlerRight)
                  00007086    00000212     Sound.o (.rodata.Pop)
                  00007298    0000017a     Graphics.o (.rodata.PlatformBlank)
                  00007412    0000017a     Graphics.o (.rodata.PlatformGreen)
                  0000758c    00000004     --HOLE-- [fill = 0]
                  00007590    00000101     libc.a : aeabi_ctype.S.obj (.rodata)
                  00007691    000000a5     Graphics.o (.rodata.str1.1)
                  00007736    0000008c     Graphics.o (.rodata.PHat)
                  000077c2    0000008c     Graphics.o (.rodata.PHatBlank)
                  0000784e    0000003b     ST7735.o (.rodata.Rcmd1)
                  00007889    0000002e     ST7735.o (.rodata.str1.1)
                  000078b7    0000002b     ST7735.o (.rodata.Rcmd3)
                  000078e2    00000022     libc.a : _printfi.c.obj (.rodata.str1.1)
                  00007904    0000000d     ST7735.o (.rodata.Rcmd2green)
                  00007911    0000000d     ST7735.o (.rodata.Rcmd2red)
                  0000791e    00000002     --HOLE-- [fill = 0]

.init_array 
*          0    00000000    00000000     UNINITIALIZED

.binit     0    00000000    00000000     

.bss       0    20200000    00000321     UNINITIALIZED
                  20200000    00000120     libsysbm.a : trgmsg.c.obj (.bss:_CIOBUF_)
                  20200120    000000d2     (.common:Platforms)
                  202001f2    000000a0     (.common:__TI_tmpnams)
                  20200292    0000001e     (.common:Doodler)
                  202002b0    0000001e     (.common:PHatD)
                  202002ce    0000001e     (.common:PHatP)
                  202002ec    00000008     (.common:parmbuf)
                  202002f4    00000004     libc.a : memory.c.obj (.bss.sys_free)
                  202002f8    00000004     (.common:ADCData)
                  202002fc    00000004     (.common:Flag)
                  20200300    00000004     (.common:TExaSLogic)
                  20200304    00000004     (.common:TExaSadc)
                  20200308    00000004     (.common:switchData)
                  2020030c    00000004     (.common:switchDataOld)
                  20200310    00000004     (.common:x)
                  20200314    00000002     GameEngine.o (.bss.CheckForEndOfPowerUp.PowerUpCount)
                  20200316    00000001     ST7735.o (.bss.ColStart)
                  20200317    00000001     ST7735.o (.bss.RowStart)
                  20200318    00000001     ST7735.o (.bss.TabColor)
                  20200319    00000001     (.common:GAMEEND)
                  2020031a    00000001     (.common:GAMEINITDONE)
                  2020031b    00000001     (.common:GAMESTART)
                  2020031c    00000001     (.common:OPTIONS)
                  2020031d    00000001     (.common:PAUSE)
                  2020031e    00000001     (.common:SPANISH)
                  2020031f    00000001     (.common:STORE)
                  20200320    00000001     (.common:soundPick)

.sysmem    0    20200328    00000200     UNINITIALIZED
                  20200328    00000010     libc.a : memory.c.obj (.sysmem)
                  20200338    000001f0     --HOLE--

.data      0    20200528    000001fd     UNINITIALIZED
                  20200528    000000f0     libc.a : defs.c.obj (.data._ftable)
                  20200618    00000078     libsysbm.a : host_device.c.obj (.data._device)
                  20200690    00000050                : host_device.c.obj (.data._stream)
                  202006e0    00000008     libc.a : exit.c.obj (.data..L_MergedGlobals)
                  202006e8    00000004     Clock.o (.data.BusFreq)
                  202006ec    00000004     Lab9Main.o (.data.M)
                  202006f0    00000004     GameEngine.o (.data.Score)
                  202006f4    00000004     ST7735.o (.data.StX)
                  202006f8    00000004     ST7735.o (.data.StY)
                  202006fc    00000004     libc.a : defs.c.obj (.data.__TI_ft_end)
                  20200700    00000004            : aeabi_portable.c.obj (.data.__aeabi_errno)
                  20200704    00000004            : _lock.c.obj (.data._lock)
                  20200708    00000004            : _lock.c.obj (.data._unlock)
                  2020070c    00000002     ST7735.o (.data.StTextColor)
                  2020070e    00000002     ST7735.o (.data._height)
                  20200710    00000002     ST7735.o (.data._width)
                  20200712    00000001     Lab9Main.o (.data.ENGLISH)
                  20200713    00000001     GameEngine.o (.data.GrabPowerUpFlag)
                  20200714    00000001     Lab9Main.o (.data.MAINMENU)
                  20200715    00000001     GameEngine.o (.data.PlatformCollisionFlag)
                  20200716    00000001     GameEngine.o (.data.ResumeDoodlerMovement)
                  20200717    00000001     Lab9Main.o (.data.TRANSITION)
                  20200718    00000001     libc.a : fopen.c.obj (.data._search_fp.init)
                  20200719    00000001     GameEngine.o (.data.sameYCnt)
                  2020071a    00000002     --HOLE--
                  2020071c    00000001     libsysbm.a : add_device.c.obj (.data.add_device.device_init)
                  2020071d    00000003     --HOLE--
                  20200720    00000001     libc.a : memory.c.obj (.data.memory_is_initialized)
                  20200721    00000003     --HOLE--
                  20200724    00000001     libsysbm.a : open.c.obj (.data.open.stream_init)

.stack     0    20207e00    00000200     UNINITIALIZED
                  20207e00    00000004     libc.a : boot_cortex_m.c.obj (.stack)
                  20207e04    000001fc     --HOLE--

__llvm_prf_cnts 
*          0    20200000    00000000     UNINITIALIZED

__llvm_prf_bits 
*          0    20200000    00000000     UNINITIALIZED

MODULE SUMMARY

       Module                         code    ro data   rw data
       ------                         ----    -------   -------
    .\
       Graphics.o                     1236    24301     0      
       Sound.o                        324     4767      5      
       ST7735.o                       2656    1449      17     
       GameEngine.o                   2994    0         10     
       Lab9Main.o                     622     0         330    
       TExaS.o                        720     0         8      
       MenuHandler.o                  544     0         0      
       Clock.o                        516     0         4      
       SPI.o                          440     0         0      
       Timer.o                        316     0         0      
       ADC1.o                         188     0         0      
       LaunchPad.o                    180     0         0      
       DAC5.o                         84      0         0      
       Switch.o                       64      0         0      
       LED.o                          44      0         0      
    +--+------------------------------+-------+---------+---------+
       Total:                         10928   30517     374    
                                                               
    .\ticlang\
       startup_mspm0g3507_ticlang.o   12      192       0      
    +--+------------------------------+-------+---------+---------+
       Total:                         12      192       0      
                                                               
    C:\ti\ccs1240\ccs\tools\compiler\ti-cgt-armllvm_2.1.3.LTS\lib\armv6m-ti-none-eabi/c/libc.a
       _printfi.c.obj                 2214    34        0      
       memory.c.obj                   752     0         5      
       fopen.c.obj                    552     0         1      
       defs.c.obj                     0       0         404    
       aeabi_ctype.S.obj              0       257       0      
       fputs.c.obj                    248     0         0      
       setvbuf.c.obj                  224     0         0      
       getdevice.c.obj                164     0         0      
       fputc.c.obj                    144     0         0      
       fclose.c.obj                   124     0         0      
       fseek.c.obj                    116     0         0      
       printf.c.obj                   108     0         0      
       copy_decompress_lzss.c.obj     104     0         0      
       _io_perm.c.obj                 100     0         0      
       fflush.c.obj                   80      0         0      
       atoi.c.obj                     68      0         0      
       exit.c.obj                     56      0         8      
       autoinit.c.obj                 60      0         0      
       boot_cortex_m.c.obj            40      0         0      
       memccpy.c.obj                  36      0         0      
       copy_zero_init.c.obj           20      0         0      
       copy_decompress_none.c.obj     18      0         0      
       memcpy16.S.obj                 18      0         0      
       wcslen.c.obj                   16      0         0      
       memset16.S.obj                 14      0         0      
       aeabi_portable.c.obj           8       0         4      
       _lock.c.obj                    2       0         8      
       pre_init.c.obj                 4       0         0      
    +--+------------------------------+-------+---------+---------+
       Total:                         5290    291       430    
                                                               
    C:\ti\ccs1240\ccs\tools\compiler\ti-cgt-armllvm_2.1.3.LTS\lib\armv6m-ti-none-eabi/c/libsysbm.a
       trgmsg.c.obj                   104     0         288    
       add_device.c.obj               232     0         1      
       host_device.c.obj              0       0         200    
       open.c.obj                     168     0         1      
       hostrename.c.obj               132     0         0      
       hostlseek.c.obj                104     0         0      
       hostopen.c.obj                 92      0         8      
       hostread.c.obj                 88      0         0      
       hostwrite.c.obj                88      0         0      
       close.c.obj                    80      0         0      
       hostclose.c.obj                72      0         0      
       hostunlink.c.obj               72      0         0      
       unlink.c.obj                   44      0         0      
       lseek.c.obj                    40      0         0      
       write.c.obj                    40      0         0      
       remove.c.obj                   8       0         0      
    +--+------------------------------+-------+---------+---------+
       Total:                         1364    0         498    
                                                               
    C:\ti\ccs1240\ccs\tools\compiler\ti-cgt-armllvm_2.1.3.LTS\lib\clang/14.0.6/lib/armv6m-ti-none-eabi/libclang_rt.builtins.a
       udivmoddi4.S.obj               162     0         0      
       aeabi_idivmod.S.obj            86      0         0      
       aeabi_uidivmod.S.obj           64      0         0      
       muldsi3.S.obj                  58      0         0      
       muldi3.S.obj                   36      0         0      
       ashldi3.S.obj                  30      0         0      
       aeabi_memset.S.obj             28      0         0      
       aeabi_uldivmod.S.obj           20      0         0      
       aeabi_memcpy.S.obj             8       0         0      
       aeabi_div0.c.obj               4       0         0      
    +--+------------------------------+-------+---------+---------+
       Total:                         496     0         0      
                                                               
       Heap:                          0       0         512    
       Stack:                         0       0         512    
       Linker Generated:              0       144       0      
    +--+------------------------------+-------+---------+---------+
       Grand Total:                   18090   31144     2326   


LINKER GENERATED COPY TABLES

__TI_cinit_table @ 0000c060 records: 2, size/record: 8, table size: 16
	.data: load addr=0000bfe0, load size=0000006c bytes, run addr=20200528, run size=000001fd bytes, compression=lzss
	.bss: load addr=0000c058, load size=00000008 bytes, run addr=20200000, run size=00000321 bytes, compression=zero_init


LINKER GENERATED HANDLER TABLE

__TI_handler_table @ 0000c04c records: 3, size/record: 4, table size: 12
	index: 0, handler: __TI_decompress_lzss
	index: 1, handler: __TI_decompress_none
	index: 2, handler: __TI_zero_init


GLOBAL SYMBOLS: SORTED ALPHABETICALLY BY Name 

address   name                          
-------   ----                          
0000bfc9  ADC0_IRQHandler               
0000bfc9  ADC1_IRQHandler               
202002f8  ADCData                       
00008f5d  ADC_Init                      
0000baf9  ADC_Start                     
0000b399  ADCin                         
0000a8e9  ADCinit                       
0000bfc9  AES_IRQHandler                
0000b701  ActivatePortA_B               
0000af71  AddPHat                       
202006e8  BusFreq                       
0000bfd8  C$$EXIT                       
0000b943  C$$IO$$                       
0000bfc9  CANFD0_IRQHandler             
000092b1  CheckForCollision             
0000a6f1  CheckForEndOfPowerUp          
0000b181  CheckForPause                 
0000afc9  CheckforUnpause               
0000bead  ClearMenu                     
0000bebd  Clock_Delay                   
0000b7e1  Clock_Delay1ms                
0000bf55  Clock_Freq                    
00008991  Clock_Init80MHz               
0000bfc9  DAC0_IRQHandler               
0000b739  DAC5_Init                     
0000bd29  DAC5_Out                      
0000bfc9  DMA_IRQHandler                
0000bfc9  Default_Handler               
0000a3a9  DisplayDoodler                
00009da1  DisplayGameOver               
00009cd9  DisplayOptions                
00009b39  DisplayPlatforms              
00009975  DisplayScore                  
00009f29  DisplayTitle                  
20200292  Doodler                       
00006a4a  DoodlerBlank                  
0000acc9  DoodlerInit                   
00006d68  DoodlerRight                  
20200712  ENGLISH                       
00001cc0  Fall                          
202002fc  Flag                          
0000bb21  FreezeDoodler                 
20200319  GAMEEND                       
2020031a  GAMEINITDONE                  
2020031b  GAMESTART                     
0000bfc9  GROUP0_IRQHandler             
0000bfc9  GROUP1_IRQHandler             
0000bb49  GameConvert                   
0000b521  GameEnd                       
0000ad2d  GameOver                      
20200713  GrabPowerUpFlag               
0000b2c1  HOSTclose                     
0000ab91  HOSTlseek                     
0000aeb9  HOSTopen                      
0000b021  HOSTread                      
0000abf9  HOSTrename                    
0000b309  HOSTunlink                    
0000b079  HOSTwrite                     
0000bfcd  HardFault_Handler             
0000bfc9  I2C0_IRQHandler               
0000bfc9  I2C1_IRQHandler               
0000ba75  LED_Init                      
0000b55d  LangSwitch                    
0000a7f1  LaunchPad_Init                
202006ec  M                             
20200714  MAINMENU                      
0000a961  MainMenu                      
0000a9d5  MenuHandler                   
0000bca9  MenuInit                      
0000bdb5  MenuPlatformInit              
0000bfc9  NMI_Handler                   
2020031c  OPTIONS                       
0000ae59  Options                       
2020031d  PAUSE                         
00007736  PHat                          
000077c2  PHatBlank                     
202002b0  PHatD                         
0000b599  PHatDInit                     
202002ce  PHatP                         
0000ba45  PHatPInit                     
0000bf79  PLL_Init                      
0000bfc9  PendSV_Handler                
00007298  PlatformBlank                 
20200715  PlatformCollisionFlag         
00007412  PlatformGreen                 
20200120  Platforms                     
00008791  PlatformsInit                 
00007086  Pop                           
0000b5d5  QuickErasePHat                
0000bfc9  RTC_IRQHandler                
0000bdcd  Random                        
0000bcc9  Random32                      
0000be11  Random_Init                   
0000b4e1  RemoveDoodler                 
0000a771  RemovePlatforms               
0000bfd1  Reset_Handler                 
20200716  ResumeDoodlerMovement         
2020031e  SPANISH                       
0000bfc9  SPI0_IRQHandler               
0000bfc9  SPI1_IRQHandler               
000094c1  SPI_Init                      
0000b351  SPI_OutCommand                
0000b771  SPI_OutData                   
0000b421  SPI_Reset                     
00008581  ST7735_DrawBitmap             
00008b45  ST7735_DrawCharS              
0000aa49  ST7735_DrawPixel              
0000a5e9  ST7735_DrawString             
00009085  ST7735_FillRect               
0000baa1  ST7735_FillScreen             
0000a275  ST7735_InitPrintf             
0000a311  ST7735_InitR                  
00009c09  ST7735_OutChar                
0000bc39  ST7735_OutString              
0000b815  ST7735_SetCursor              
0000be25  ST7735_SetTextColor           
0000bf83  ST7735_close                  
0000bf0d  ST7735_lseek                  
0000bde5  ST7735_open                   
0000bdfb  ST7735_read                   
0000bf61  ST7735_rename                 
0000bf8d  ST7735_unlink                 
0000b849  ST7735_write                  
2020031f  STORE                         
0000bfc9  SVC_Handler                   
202006f0  Score                         
0000be39  SetOldPosition                
0000b611  Sound_Bounce                  
0000becd  Sound_Init                    
0000b64d  Sound_Killed                  
0000b87d  Sound_Start                   
0000be4d  Sound_Stop                    
2020070c  StTextColor                   
202006f4  StX                           
202006f8  StY                           
0000bedd  Switch_In                     
0000b9b5  Switch_Init                   
0000bb71  SysTick_Handler               
0000b275  SysTick_IntArm                
20200300  TExaSLogic                    
0000b0d1  TExaS_Init                    
0000beed  TExaS_LaunchPadLogicPB27PB26  
20200304  TExaSadc                      
0000bfc9  TIMA0_IRQHandler              
0000bfc9  TIMA1_IRQHandler              
0000bfc9  TIMG0_IRQHandler              
000096b1  TIMG12_IRQHandler             
0000bfc9  TIMG6_IRQHandler              
0000b461  TIMG7_IRQHandler              
0000bfc9  TIMG8_IRQHandler              
0000be89  TI_memcpy_small               
0000bf45  TI_memset_small               
20200717  TRANSITION                    
0000a43d  TimerG12_IntArm               
00009fdd  TimerG7_IntArm                
0000bfc9  UART0_IRQHandler              
0000bfc9  UART1_IRQHandler              
0000bfc9  UART2_IRQHandler              
0000bfc9  UART3_IRQHandler              
000097a5  UART_Init                     
0000bd99  UnFreezeDoodler               
00009e65  UpdateDoodlerPosition         
0000bd45  UpdateDoodlerSpeed            
000081b9  UpdatePlatforms               
0000b9e5  UpdateScore                   
20200000  _CIOBUF_                      
20200000  __CIOBUF_                     
20208000  __STACK_END                   
00000200  __STACK_SIZE                  
00000200  __SYSMEM_SIZE                 
0000c060  __TI_CINIT_Base               
0000c070  __TI_CINIT_Limit              
0000c070  __TI_CINIT_Warm               
0000c04c  __TI_Handler_Table_Base       
0000c058  __TI_Handler_Table_Limit      
0000b689  __TI_auto_init_nobinit_nopinit
0000b8b1  __TI_cleanup                  
202006e0  __TI_cleanup_ptr              
0000a86d  __TI_closefile                
0000ac61  __TI_decompress_lzss          
0000be9b  __TI_decompress_none          
0000b1d5  __TI_doflush                  
202006e4  __TI_dtors_ptr                
202006fc  __TI_ft_end                   
ffffffff  __TI_pprof_out_hndl           
00007921  __TI_printfi_nofloat          
ffffffff  __TI_prof_data_size           
ffffffff  __TI_prof_data_start          
0000b8e5  __TI_readmsg                  
00000000  __TI_static_base__            
202001f2  __TI_tmpnams                  
0000b919  __TI_writemsg                 
0000ad91  __TI_wrt_ok                   
0000be61  __TI_zero_init_nomemset       
00007590  __aeabi_ctype_table_          
00007590  __aeabi_ctype_table_C         
20200700  __aeabi_errno                 
0000bf99  __aeabi_errno_addr            
0000b129  __aeabi_idiv                  
0000a1cf  __aeabi_idiv0                 
0000b129  __aeabi_idivmod               
0000a273  __aeabi_ldiv0                 
0000bd09  __aeabi_llsl                  
0000bc85  __aeabi_lmul                  
0000bd8d  __aeabi_memclr                
0000bd8d  __aeabi_memclr4               
0000bd8d  __aeabi_memclr8               
0000bfc1  __aeabi_memcpy                
0000bfc1  __aeabi_memcpy4               
0000bfc1  __aeabi_memcpy8               
0000bd7d  __aeabi_memset                
0000bd7d  __aeabi_memset4               
0000bd7d  __aeabi_memset8               
0000b4a1  __aeabi_uidiv                 
0000b4a1  __aeabi_uidivmod              
0000be75  __aeabi_uldivmod              
0000bd09  __ashldi3                     
ffffffff  __binit__                     
UNDEFED   __mpu_init                    
0000bc85  __muldi3                      
0000b6c5  __muldsi3                     
20207e00  __stack                       
20200000  __start___llvm_prf_bits       
20200000  __start___llvm_prf_cnts       
20200000  __stop___llvm_prf_bits        
20200000  __stop___llvm_prf_cnts        
0000a1d1  __udivmoddi4                  
0000bc11  _c_int00_noargs               
20200618  _device                       
20200528  _ftable                       
20200704  _lock                         
0000b17f  _nop                          
20200690  _stream                       
20200328  _sys_memory                   
UNDEFED   _system_post_cinit            
0000bfd5  _system_pre_init              
20200708  _unlock                       
0000bfd9  abort                         
0000988d  add_device                    
00008e21  aligned_alloc                 
0000b3dd  atoi                          
ffffffff  binit                         
0000b225  close                         
0000b94d  exit                          
0000b7a9  finddevice                    
0000a66d  fopen                         
0000a4d1  fputc                         
000095b9  fputs                         
000093c1  free                          
0000b981  freopen                       
0000bfb1  fseek                         
0000aab9  fseeko                        
0000ab25  getdevice                     
00000000  interruptVectors              
0000bbc1  lseek                         
0000919d  main                          
0000bf6d  malloc                        
00008e21  memalign                      
0000bc5f  memccpy                       
0000a085  open                          
00002d4e  optionsbutton                 
00003b4e  optionsbuttonspanish          
202002ec  parmbuf                       
0000494e  playbutton                    
0000574e  playbuttonspanish             
0000af15  printf                        
0000bfb9  remove                        
20200719  sameYCnt                      
00009a59  setvbuf                       
20200320  soundPick                     
20200308  switchData                    
2020030c  switchDataOld                 
000000c0  title                         
0000bacd  unlink                        
0000befd  wcslen                        
0000bbe9  write                         
20200310  x                             


GLOBAL SYMBOLS: SORTED BY Symbol Address 

address   name                          
-------   ----                          
00000000  __TI_static_base__            
00000000  interruptVectors              
000000c0  title                         
00000200  __STACK_SIZE                  
00000200  __SYSMEM_SIZE                 
00001cc0  Fall                          
00002d4e  optionsbutton                 
00003b4e  optionsbuttonspanish          
0000494e  playbutton                    
0000574e  playbuttonspanish             
00006a4a  DoodlerBlank                  
00006d68  DoodlerRight                  
00007086  Pop                           
00007298  PlatformBlank                 
00007412  PlatformGreen                 
00007590  __aeabi_ctype_table_          
00007590  __aeabi_ctype_table_C         
00007736  PHat                          
000077c2  PHatBlank                     
00007921  __TI_printfi_nofloat          
000081b9  UpdatePlatforms               
00008581  ST7735_DrawBitmap             
00008791  PlatformsInit                 
00008991  Clock_Init80MHz               
00008b45  ST7735_DrawCharS              
00008e21  aligned_alloc                 
00008e21  memalign                      
00008f5d  ADC_Init                      
00009085  ST7735_FillRect               
0000919d  main                          
000092b1  CheckForCollision             
000093c1  free                          
000094c1  SPI_Init                      
000095b9  fputs                         
000096b1  TIMG12_IRQHandler             
000097a5  UART_Init                     
0000988d  add_device                    
00009975  DisplayScore                  
00009a59  setvbuf                       
00009b39  DisplayPlatforms              
00009c09  ST7735_OutChar                
00009cd9  DisplayOptions                
00009da1  DisplayGameOver               
00009e65  UpdateDoodlerPosition         
00009f29  DisplayTitle                  
00009fdd  TimerG7_IntArm                
0000a085  open                          
0000a1cf  __aeabi_idiv0                 
0000a1d1  __udivmoddi4                  
0000a273  __aeabi_ldiv0                 
0000a275  ST7735_InitPrintf             
0000a311  ST7735_InitR                  
0000a3a9  DisplayDoodler                
0000a43d  TimerG12_IntArm               
0000a4d1  fputc                         
0000a5e9  ST7735_DrawString             
0000a66d  fopen                         
0000a6f1  CheckForEndOfPowerUp          
0000a771  RemovePlatforms               
0000a7f1  LaunchPad_Init                
0000a86d  __TI_closefile                
0000a8e9  ADCinit                       
0000a961  MainMenu                      
0000a9d5  MenuHandler                   
0000aa49  ST7735_DrawPixel              
0000aab9  fseeko                        
0000ab25  getdevice                     
0000ab91  HOSTlseek                     
0000abf9  HOSTrename                    
0000ac61  __TI_decompress_lzss          
0000acc9  DoodlerInit                   
0000ad2d  GameOver                      
0000ad91  __TI_wrt_ok                   
0000ae59  Options                       
0000aeb9  HOSTopen                      
0000af15  printf                        
0000af71  AddPHat                       
0000afc9  CheckforUnpause               
0000b021  HOSTread                      
0000b079  HOSTwrite                     
0000b0d1  TExaS_Init                    
0000b129  __aeabi_idiv                  
0000b129  __aeabi_idivmod               
0000b17f  _nop                          
0000b181  CheckForPause                 
0000b1d5  __TI_doflush                  
0000b225  close                         
0000b275  SysTick_IntArm                
0000b2c1  HOSTclose                     
0000b309  HOSTunlink                    
0000b351  SPI_OutCommand                
0000b399  ADCin                         
0000b3dd  atoi                          
0000b421  SPI_Reset                     
0000b461  TIMG7_IRQHandler              
0000b4a1  __aeabi_uidiv                 
0000b4a1  __aeabi_uidivmod              
0000b4e1  RemoveDoodler                 
0000b521  GameEnd                       
0000b55d  LangSwitch                    
0000b599  PHatDInit                     
0000b5d5  QuickErasePHat                
0000b611  Sound_Bounce                  
0000b64d  Sound_Killed                  
0000b689  __TI_auto_init_nobinit_nopinit
0000b6c5  __muldsi3                     
0000b701  ActivatePortA_B               
0000b739  DAC5_Init                     
0000b771  SPI_OutData                   
0000b7a9  finddevice                    
0000b7e1  Clock_Delay1ms                
0000b815  ST7735_SetCursor              
0000b849  ST7735_write                  
0000b87d  Sound_Start                   
0000b8b1  __TI_cleanup                  
0000b8e5  __TI_readmsg                  
0000b919  __TI_writemsg                 
0000b943  C$$IO$$                       
0000b94d  exit                          
0000b981  freopen                       
0000b9b5  Switch_Init                   
0000b9e5  UpdateScore                   
0000ba45  PHatPInit                     
0000ba75  LED_Init                      
0000baa1  ST7735_FillScreen             
0000bacd  unlink                        
0000baf9  ADC_Start                     
0000bb21  FreezeDoodler                 
0000bb49  GameConvert                   
0000bb71  SysTick_Handler               
0000bbc1  lseek                         
0000bbe9  write                         
0000bc11  _c_int00_noargs               
0000bc39  ST7735_OutString              
0000bc5f  memccpy                       
0000bc85  __aeabi_lmul                  
0000bc85  __muldi3                      
0000bca9  MenuInit                      
0000bcc9  Random32                      
0000bd09  __aeabi_llsl                  
0000bd09  __ashldi3                     
0000bd29  DAC5_Out                      
0000bd45  UpdateDoodlerSpeed            
0000bd7d  __aeabi_memset                
0000bd7d  __aeabi_memset4               
0000bd7d  __aeabi_memset8               
0000bd8d  __aeabi_memclr                
0000bd8d  __aeabi_memclr4               
0000bd8d  __aeabi_memclr8               
0000bd99  UnFreezeDoodler               
0000bdb5  MenuPlatformInit              
0000bdcd  Random                        
0000bde5  ST7735_open                   
0000bdfb  ST7735_read                   
0000be11  Random_Init                   
0000be25  ST7735_SetTextColor           
0000be39  SetOldPosition                
0000be4d  Sound_Stop                    
0000be61  __TI_zero_init_nomemset       
0000be75  __aeabi_uldivmod              
0000be89  TI_memcpy_small               
0000be9b  __TI_decompress_none          
0000bead  ClearMenu                     
0000bebd  Clock_Delay                   
0000becd  Sound_Init                    
0000bedd  Switch_In                     
0000beed  TExaS_LaunchPadLogicPB27PB26  
0000befd  wcslen                        
0000bf0d  ST7735_lseek                  
0000bf45  TI_memset_small               
0000bf55  Clock_Freq                    
0000bf61  ST7735_rename                 
0000bf6d  malloc                        
0000bf79  PLL_Init                      
0000bf83  ST7735_close                  
0000bf8d  ST7735_unlink                 
0000bf99  __aeabi_errno_addr            
0000bfb1  fseek                         
0000bfb9  remove                        
0000bfc1  __aeabi_memcpy                
0000bfc1  __aeabi_memcpy4               
0000bfc1  __aeabi_memcpy8               
0000bfc9  ADC0_IRQHandler               
0000bfc9  ADC1_IRQHandler               
0000bfc9  AES_IRQHandler                
0000bfc9  CANFD0_IRQHandler             
0000bfc9  DAC0_IRQHandler               
0000bfc9  DMA_IRQHandler                
0000bfc9  Default_Handler               
0000bfc9  GROUP0_IRQHandler             
0000bfc9  GROUP1_IRQHandler             
0000bfc9  I2C0_IRQHandler               
0000bfc9  I2C1_IRQHandler               
0000bfc9  NMI_Handler                   
0000bfc9  PendSV_Handler                
0000bfc9  RTC_IRQHandler                
0000bfc9  SPI0_IRQHandler               
0000bfc9  SPI1_IRQHandler               
0000bfc9  SVC_Handler                   
0000bfc9  TIMA0_IRQHandler              
0000bfc9  TIMA1_IRQHandler              
0000bfc9  TIMG0_IRQHandler              
0000bfc9  TIMG6_IRQHandler              
0000bfc9  TIMG8_IRQHandler              
0000bfc9  UART0_IRQHandler              
0000bfc9  UART1_IRQHandler              
0000bfc9  UART2_IRQHandler              
0000bfc9  UART3_IRQHandler              
0000bfcd  HardFault_Handler             
0000bfd1  Reset_Handler                 
0000bfd5  _system_pre_init              
0000bfd8  C$$EXIT                       
0000bfd9  abort                         
0000c04c  __TI_Handler_Table_Base       
0000c058  __TI_Handler_Table_Limit      
0000c060  __TI_CINIT_Base               
0000c070  __TI_CINIT_Limit              
0000c070  __TI_CINIT_Warm               
20200000  _CIOBUF_                      
20200000  __CIOBUF_                     
20200000  __start___llvm_prf_bits       
20200000  __start___llvm_prf_cnts       
20200000  __stop___llvm_prf_bits        
20200000  __stop___llvm_prf_cnts        
20200120  Platforms                     
202001f2  __TI_tmpnams                  
20200292  Doodler                       
202002b0  PHatD                         
202002ce  PHatP                         
202002ec  parmbuf                       
202002f8  ADCData                       
202002fc  Flag                          
20200300  TExaSLogic                    
20200304  TExaSadc                      
20200308  switchData                    
2020030c  switchDataOld                 
20200310  x                             
20200319  GAMEEND                       
2020031a  GAMEINITDONE                  
2020031b  GAMESTART                     
2020031c  OPTIONS                       
2020031d  PAUSE                         
2020031e  SPANISH                       
2020031f  STORE                         
20200320  soundPick                     
20200328  _sys_memory                   
20200528  _ftable                       
20200618  _device                       
20200690  _stream                       
202006e0  __TI_cleanup_ptr              
202006e4  __TI_dtors_ptr                
202006e8  BusFreq                       
202006ec  M                             
202006f0  Score                         
202006f4  StX                           
202006f8  StY                           
202006fc  __TI_ft_end                   
20200700  __aeabi_errno                 
20200704  _lock                         
20200708  _unlock                       
2020070c  StTextColor                   
20200712  ENGLISH                       
20200713  GrabPowerUpFlag               
20200714  MAINMENU                      
20200715  PlatformCollisionFlag         
20200716  ResumeDoodlerMovement         
20200717  TRANSITION                    
20200719  sameYCnt                      
20207e00  __stack                       
20208000  __STACK_END                   
ffffffff  __TI_pprof_out_hndl           
ffffffff  __TI_prof_data_size           
ffffffff  __TI_prof_data_start          
ffffffff  __binit__                     
ffffffff  binit                         
UNDEFED   __mpu_init                    
UNDEFED   _system_post_cinit            

[277 symbols]
