<?xml version="1.0" encoding="ISO-8859-1" ?>
<link_info>
   <banner>TI ARM Clang Linker PC v2.1.3.LTS</banner>
   <copyright>Copyright (c) 1996-2018 Texas Instruments Incorporated</copyright>
   <link_time>0x667e0956</link_time>
   <link_errors>0x0</link_errors>
   <output_file>ECE319K_Lab9.out</output_file>
   <entry_point>
      <name>_c_int00_noargs</name>
      <address>0xbc11</address>
   </entry_point>
   <input_file_list>
      <input_file id="fl-1">
         <path>.\</path>
         <kind>object</kind>
         <file>ADC1.o</file>
         <name>ADC1.o</name>
      </input_file>
      <input_file id="fl-2">
         <path>.\</path>
         <kind>object</kind>
         <file>Clock.o</file>
         <name>Clock.o</name>
      </input_file>
      <input_file id="fl-3">
         <path>.\</path>
         <kind>object</kind>
         <file>DAC5.o</file>
         <name>DAC5.o</name>
      </input_file>
      <input_file id="fl-4">
         <path>.\</path>
         <kind>object</kind>
         <file>GameEngine.o</file>
         <name>GameEngine.o</name>
      </input_file>
      <input_file id="fl-5">
         <path>.\</path>
         <kind>object</kind>
         <file>Graphics.o</file>
         <name>Graphics.o</name>
      </input_file>
      <input_file id="fl-6">
         <path>.\</path>
         <kind>object</kind>
         <file>LED.o</file>
         <name>LED.o</name>
      </input_file>
      <input_file id="fl-7">
         <path>.\</path>
         <kind>object</kind>
         <file>Lab9Main.o</file>
         <name>Lab9Main.o</name>
      </input_file>
      <input_file id="fl-8">
         <path>.\</path>
         <kind>object</kind>
         <file>LaunchPad.o</file>
         <name>LaunchPad.o</name>
      </input_file>
      <input_file id="fl-9">
         <path>.\</path>
         <kind>object</kind>
         <file>MenuHandler.o</file>
         <name>MenuHandler.o</name>
      </input_file>
      <input_file id="fl-a">
         <path>.\</path>
         <kind>object</kind>
         <file>SPI.o</file>
         <name>SPI.o</name>
      </input_file>
      <input_file id="fl-b">
         <path>.\</path>
         <kind>object</kind>
         <file>ST7735.o</file>
         <name>ST7735.o</name>
      </input_file>
      <input_file id="fl-c">
         <path>.\</path>
         <kind>object</kind>
         <file>SmallFont.o</file>
         <name>SmallFont.o</name>
      </input_file>
      <input_file id="fl-d">
         <path>.\</path>
         <kind>object</kind>
         <file>Sound.o</file>
         <name>Sound.o</name>
      </input_file>
      <input_file id="fl-e">
         <path>.\</path>
         <kind>object</kind>
         <file>Switch.o</file>
         <name>Switch.o</name>
      </input_file>
      <input_file id="fl-f">
         <path>.\</path>
         <kind>object</kind>
         <file>TExaS.o</file>
         <name>TExaS.o</name>
      </input_file>
      <input_file id="fl-10">
         <path>.\</path>
         <kind>object</kind>
         <file>Timer.o</file>
         <name>Timer.o</name>
      </input_file>
      <input_file id="fl-11">
         <path>.\images\pipedreams\</path>
         <kind>object</kind>
         <file>PipeSound.o</file>
         <name>PipeSound.o</name>
      </input_file>
      <input_file id="fl-12">
         <path>.\ticlang\</path>
         <kind>object</kind>
         <file>startup_mspm0g3507_ticlang.o</file>
         <name>startup_mspm0g3507_ticlang.o</name>
      </input_file>
      <input_file id="fl-1e">
         <kind>object</kind>
         <file>&lt;internal&gt;</file>
         <name>&lt;internal&gt;</name>
      </input_file>
      <input_file id="fl-2a">
         <path>C:\ti\ccs1240\ccs\tools\compiler\ti-cgt-armllvm_2.1.3.LTS\lib\armv6m-ti-none-eabi\c\</path>
         <kind>archive</kind>
         <file>libc.a</file>
         <name>printf.c.obj</name>
      </input_file>
      <input_file id="fl-2b">
         <path>C:\ti\ccs1240\ccs\tools\compiler\ti-cgt-armllvm_2.1.3.LTS\lib\armv6m-ti-none-eabi\c\</path>
         <kind>archive</kind>
         <file>libc.a</file>
         <name>_printfi.c.obj</name>
      </input_file>
      <input_file id="fl-2c">
         <path>C:\ti\ccs1240\ccs\tools\compiler\ti-cgt-armllvm_2.1.3.LTS\lib\armv6m-ti-none-eabi\c\</path>
         <kind>archive</kind>
         <file>libc.a</file>
         <name>fopen.c.obj</name>
      </input_file>
      <input_file id="fl-2d">
         <path>C:\ti\ccs1240\ccs\tools\compiler\ti-cgt-armllvm_2.1.3.LTS\lib\armv6m-ti-none-eabi\c\</path>
         <kind>archive</kind>
         <file>libc.a</file>
         <name>fputc.c.obj</name>
      </input_file>
      <input_file id="fl-2e">
         <path>C:\ti\ccs1240\ccs\tools\compiler\ti-cgt-armllvm_2.1.3.LTS\lib\armv6m-ti-none-eabi\c\</path>
         <kind>archive</kind>
         <file>libc.a</file>
         <name>fputs.c.obj</name>
      </input_file>
      <input_file id="fl-2f">
         <path>C:\ti\ccs1240\ccs\tools\compiler\ti-cgt-armllvm_2.1.3.LTS\lib\armv6m-ti-none-eabi\c\</path>
         <kind>archive</kind>
         <file>libc.a</file>
         <name>_io_perm.c.obj</name>
      </input_file>
      <input_file id="fl-30">
         <path>C:\ti\ccs1240\ccs\tools\compiler\ti-cgt-armllvm_2.1.3.LTS\lib\armv6m-ti-none-eabi\c\</path>
         <kind>archive</kind>
         <file>libc.a</file>
         <name>setvbuf.c.obj</name>
      </input_file>
      <input_file id="fl-31">
         <path>C:\ti\ccs1240\ccs\tools\compiler\ti-cgt-armllvm_2.1.3.LTS\lib\armv6m-ti-none-eabi\c\</path>
         <kind>archive</kind>
         <file>libc.a</file>
         <name>s_frexp.c.obj</name>
      </input_file>
      <input_file id="fl-32">
         <path>C:\ti\ccs1240\ccs\tools\compiler\ti-cgt-armllvm_2.1.3.LTS\lib\armv6m-ti-none-eabi\c\</path>
         <kind>archive</kind>
         <file>libc.a</file>
         <name>s_scalbn.c.obj</name>
      </input_file>
      <input_file id="fl-33">
         <path>C:\ti\ccs1240\ccs\tools\compiler\ti-cgt-armllvm_2.1.3.LTS\lib\armv6m-ti-none-eabi\c\</path>
         <kind>archive</kind>
         <file>libc.a</file>
         <name>aeabi_portable.c.obj</name>
      </input_file>
      <input_file id="fl-34">
         <path>C:\ti\ccs1240\ccs\tools\compiler\ti-cgt-armllvm_2.1.3.LTS\lib\armv6m-ti-none-eabi\c\</path>
         <kind>archive</kind>
         <file>libc.a</file>
         <name>exit.c.obj</name>
      </input_file>
      <input_file id="fl-35">
         <path>C:\ti\ccs1240\ccs\tools\compiler\ti-cgt-armllvm_2.1.3.LTS\lib\armv6m-ti-none-eabi\c\</path>
         <kind>archive</kind>
         <file>libc.a</file>
         <name>_lock.c.obj</name>
      </input_file>
      <input_file id="fl-36">
         <path>C:\ti\ccs1240\ccs\tools\compiler\ti-cgt-armllvm_2.1.3.LTS\lib\armv6m-ti-none-eabi\c\</path>
         <kind>archive</kind>
         <file>libc.a</file>
         <name>_ltoa.c.obj</name>
      </input_file>
      <input_file id="fl-37">
         <path>C:\ti\ccs1240\ccs\tools\compiler\ti-cgt-armllvm_2.1.3.LTS\lib\armv6m-ti-none-eabi\c\</path>
         <kind>archive</kind>
         <file>libc.a</file>
         <name>assert.c.obj</name>
      </input_file>
      <input_file id="fl-38">
         <path>C:\ti\ccs1240\ccs\tools\compiler\ti-cgt-armllvm_2.1.3.LTS\lib\armv6m-ti-none-eabi\c\</path>
         <kind>archive</kind>
         <file>libc.a</file>
         <name>atoi.c.obj</name>
      </input_file>
      <input_file id="fl-39">
         <path>C:\ti\ccs1240\ccs\tools\compiler\ti-cgt-armllvm_2.1.3.LTS\lib\armv6m-ti-none-eabi\c\</path>
         <kind>archive</kind>
         <file>libc.a</file>
         <name>defs.c.obj</name>
      </input_file>
      <input_file id="fl-3a">
         <path>C:\ti\ccs1240\ccs\tools\compiler\ti-cgt-armllvm_2.1.3.LTS\lib\armv6m-ti-none-eabi\c\</path>
         <kind>archive</kind>
         <file>libc.a</file>
         <name>memccpy.c.obj</name>
      </input_file>
      <input_file id="fl-3b">
         <path>C:\ti\ccs1240\ccs\tools\compiler\ti-cgt-armllvm_2.1.3.LTS\lib\armv6m-ti-none-eabi\c\</path>
         <kind>archive</kind>
         <file>libc.a</file>
         <name>memory.c.obj</name>
      </input_file>
      <input_file id="fl-3c">
         <path>C:\ti\ccs1240\ccs\tools\compiler\ti-cgt-armllvm_2.1.3.LTS\lib\armv6m-ti-none-eabi\c\</path>
         <kind>archive</kind>
         <file>libc.a</file>
         <name>copy_zero_init.c.obj</name>
      </input_file>
      <input_file id="fl-3d">
         <path>C:\ti\ccs1240\ccs\tools\compiler\ti-cgt-armllvm_2.1.3.LTS\lib\armv6m-ti-none-eabi\c\</path>
         <kind>archive</kind>
         <file>libc.a</file>
         <name>copy_decompress_none.c.obj</name>
      </input_file>
      <input_file id="fl-3e">
         <path>C:\ti\ccs1240\ccs\tools\compiler\ti-cgt-armllvm_2.1.3.LTS\lib\armv6m-ti-none-eabi\c\</path>
         <kind>archive</kind>
         <file>libc.a</file>
         <name>copy_decompress_lzss.c.obj</name>
      </input_file>
      <input_file id="fl-3f">
         <path>C:\ti\ccs1240\ccs\tools\compiler\ti-cgt-armllvm_2.1.3.LTS\lib\armv6m-ti-none-eabi\c\</path>
         <kind>archive</kind>
         <file>libc.a</file>
         <name>boot_cortex_m.c.obj</name>
      </input_file>
      <input_file id="fl-40">
         <path>C:\ti\ccs1240\ccs\tools\compiler\ti-cgt-armllvm_2.1.3.LTS\lib\armv6m-ti-none-eabi\c\</path>
         <kind>archive</kind>
         <file>libc.a</file>
         <name>mathacl_init.c.obj</name>
      </input_file>
      <input_file id="fl-41">
         <path>C:\ti\ccs1240\ccs\tools\compiler\ti-cgt-armllvm_2.1.3.LTS\lib\armv6m-ti-none-eabi\c\</path>
         <kind>archive</kind>
         <file>libc.a</file>
         <name>abs.c.obj</name>
      </input_file>
      <input_file id="fl-42">
         <path>C:\ti\ccs1240\ccs\tools\compiler\ti-cgt-armllvm_2.1.3.LTS\lib\armv6m-ti-none-eabi\c\</path>
         <kind>archive</kind>
         <file>libc.a</file>
         <name>wcslen.c.obj</name>
      </input_file>
      <input_file id="fl-43">
         <path>C:\ti\ccs1240\ccs\tools\compiler\ti-cgt-armllvm_2.1.3.LTS\lib\armv6m-ti-none-eabi\c\</path>
         <kind>archive</kind>
         <file>libc.a</file>
         <name>sprintf.c.obj</name>
      </input_file>
      <input_file id="fl-44">
         <path>C:\ti\ccs1240\ccs\tools\compiler\ti-cgt-armllvm_2.1.3.LTS\lib\armv6m-ti-none-eabi\c\</path>
         <kind>archive</kind>
         <file>libc.a</file>
         <name>fclose.c.obj</name>
      </input_file>
      <input_file id="fl-45">
         <path>C:\ti\ccs1240\ccs\tools\compiler\ti-cgt-armllvm_2.1.3.LTS\lib\armv6m-ti-none-eabi\c\</path>
         <kind>archive</kind>
         <file>libc.a</file>
         <name>fflush.c.obj</name>
      </input_file>
      <input_file id="fl-46">
         <path>C:\ti\ccs1240\ccs\tools\compiler\ti-cgt-armllvm_2.1.3.LTS\lib\armv6m-ti-none-eabi\c\</path>
         <kind>archive</kind>
         <file>libc.a</file>
         <name>fseek.c.obj</name>
      </input_file>
      <input_file id="fl-47">
         <path>C:\ti\ccs1240\ccs\tools\compiler\ti-cgt-armllvm_2.1.3.LTS\lib\armv6m-ti-none-eabi\c\</path>
         <kind>archive</kind>
         <file>libc.a</file>
         <name>aeabi_ctype.S.obj</name>
      </input_file>
      <input_file id="fl-48">
         <path>C:\ti\ccs1240\ccs\tools\compiler\ti-cgt-armllvm_2.1.3.LTS\lib\armv6m-ti-none-eabi\c\</path>
         <kind>archive</kind>
         <file>libc.a</file>
         <name>args_main.c.obj</name>
      </input_file>
      <input_file id="fl-49">
         <path>C:\ti\ccs1240\ccs\tools\compiler\ti-cgt-armllvm_2.1.3.LTS\lib\armv6m-ti-none-eabi\c\</path>
         <kind>archive</kind>
         <file>libc.a</file>
         <name>autoinit.c.obj</name>
      </input_file>
      <input_file id="fl-4a">
         <path>C:\ti\ccs1240\ccs\tools\compiler\ti-cgt-armllvm_2.1.3.LTS\lib\armv6m-ti-none-eabi\c\</path>
         <kind>archive</kind>
         <file>libc.a</file>
         <name>pre_init.c.obj</name>
      </input_file>
      <input_file id="fl-4b">
         <path>C:\ti\ccs1240\ccs\tools\compiler\ti-cgt-armllvm_2.1.3.LTS\lib\armv6m-ti-none-eabi\c\</path>
         <kind>archive</kind>
         <file>libc.a</file>
         <name>cpy_tbl.c.obj</name>
      </input_file>
      <input_file id="fl-84">
         <path>C:\ti\ccs1240\ccs\tools\compiler\ti-cgt-armllvm_2.1.3.LTS\lib\armv6m-ti-none-eabi\c\</path>
         <kind>archive</kind>
         <file>libsysbm.a</file>
         <name>write.c.obj</name>
      </input_file>
      <input_file id="fl-85">
         <path>C:\ti\ccs1240\ccs\tools\compiler\ti-cgt-armllvm_2.1.3.LTS\lib\armv6m-ti-none-eabi\c\</path>
         <kind>archive</kind>
         <file>libsysbm.a</file>
         <name>host_device.c.obj</name>
      </input_file>
      <input_file id="fl-86">
         <path>C:\ti\ccs1240\ccs\tools\compiler\ti-cgt-armllvm_2.1.3.LTS\lib\armv6m-ti-none-eabi\c\</path>
         <kind>archive</kind>
         <file>libsysbm.a</file>
         <name>remove.c.obj</name>
      </input_file>
      <input_file id="fl-87">
         <path>C:\ti\ccs1240\ccs\tools\compiler\ti-cgt-armllvm_2.1.3.LTS\lib\armv6m-ti-none-eabi\c\</path>
         <kind>archive</kind>
         <file>libsysbm.a</file>
         <name>open.c.obj</name>
      </input_file>
      <input_file id="fl-88">
         <path>C:\ti\ccs1240\ccs\tools\compiler\ti-cgt-armllvm_2.1.3.LTS\lib\armv6m-ti-none-eabi\c\</path>
         <kind>archive</kind>
         <file>libsysbm.a</file>
         <name>lseek.c.obj</name>
      </input_file>
      <input_file id="fl-89">
         <path>C:\ti\ccs1240\ccs\tools\compiler\ti-cgt-armllvm_2.1.3.LTS\lib\armv6m-ti-none-eabi\c\</path>
         <kind>archive</kind>
         <file>libsysbm.a</file>
         <name>close.c.obj</name>
      </input_file>
      <input_file id="fl-8a">
         <path>C:\ti\ccs1240\ccs\tools\compiler\ti-cgt-armllvm_2.1.3.LTS\lib\armv6m-ti-none-eabi\c\</path>
         <kind>archive</kind>
         <file>libsysbm.a</file>
         <name>add_device.c.obj</name>
      </input_file>
      <input_file id="fl-8b">
         <path>C:\ti\ccs1240\ccs\tools\compiler\ti-cgt-armllvm_2.1.3.LTS\lib\armv6m-ti-none-eabi\c\</path>
         <kind>archive</kind>
         <file>libsysbm.a</file>
         <name>unlink.c.obj</name>
      </input_file>
      <input_file id="fl-8c">
         <path>C:\ti\ccs1240\ccs\tools\compiler\ti-cgt-armllvm_2.1.3.LTS\lib\armv6m-ti-none-eabi\c\</path>
         <kind>archive</kind>
         <file>libsysbm.a</file>
         <name>hostclose.c.obj</name>
      </input_file>
      <input_file id="fl-8d">
         <path>C:\ti\ccs1240\ccs\tools\compiler\ti-cgt-armllvm_2.1.3.LTS\lib\armv6m-ti-none-eabi\c\</path>
         <kind>archive</kind>
         <file>libsysbm.a</file>
         <name>hostlseek.c.obj</name>
      </input_file>
      <input_file id="fl-8e">
         <path>C:\ti\ccs1240\ccs\tools\compiler\ti-cgt-armllvm_2.1.3.LTS\lib\armv6m-ti-none-eabi\c\</path>
         <kind>archive</kind>
         <file>libsysbm.a</file>
         <name>hostopen.c.obj</name>
      </input_file>
      <input_file id="fl-8f">
         <path>C:\ti\ccs1240\ccs\tools\compiler\ti-cgt-armllvm_2.1.3.LTS\lib\armv6m-ti-none-eabi\c\</path>
         <kind>archive</kind>
         <file>libsysbm.a</file>
         <name>hostread.c.obj</name>
      </input_file>
      <input_file id="fl-90">
         <path>C:\ti\ccs1240\ccs\tools\compiler\ti-cgt-armllvm_2.1.3.LTS\lib\armv6m-ti-none-eabi\c\</path>
         <kind>archive</kind>
         <file>libsysbm.a</file>
         <name>hostrename.c.obj</name>
      </input_file>
      <input_file id="fl-91">
         <path>C:\ti\ccs1240\ccs\tools\compiler\ti-cgt-armllvm_2.1.3.LTS\lib\armv6m-ti-none-eabi\c\</path>
         <kind>archive</kind>
         <file>libsysbm.a</file>
         <name>hostunlink.c.obj</name>
      </input_file>
      <input_file id="fl-92">
         <path>C:\ti\ccs1240\ccs\tools\compiler\ti-cgt-armllvm_2.1.3.LTS\lib\armv6m-ti-none-eabi\c\</path>
         <kind>archive</kind>
         <file>libsysbm.a</file>
         <name>hostwrite.c.obj</name>
      </input_file>
      <input_file id="fl-93">
         <path>C:\ti\ccs1240\ccs\tools\compiler\ti-cgt-armllvm_2.1.3.LTS\lib\armv6m-ti-none-eabi\c\</path>
         <kind>archive</kind>
         <file>libsysbm.a</file>
         <name>trgmsg.c.obj</name>
      </input_file>
      <input_file id="fl-94">
         <path>C:\ti\ccs1240\ccs\tools\compiler\ti-cgt-armllvm_2.1.3.LTS\lib\clang\14.0.6\lib\armv6m-ti-none-eabi\</path>
         <kind>archive</kind>
         <file>libclang_rt.builtins.a</file>
         <name>adddf3.S.obj</name>
      </input_file>
      <input_file id="fl-95">
         <path>C:\ti\ccs1240\ccs\tools\compiler\ti-cgt-armllvm_2.1.3.LTS\lib\clang\14.0.6\lib\armv6m-ti-none-eabi\</path>
         <kind>archive</kind>
         <file>libclang_rt.builtins.a</file>
         <name>muldf3.S.obj</name>
      </input_file>
      <input_file id="fl-96">
         <path>C:\ti\ccs1240\ccs\tools\compiler\ti-cgt-armllvm_2.1.3.LTS\lib\clang\14.0.6\lib\armv6m-ti-none-eabi\</path>
         <kind>archive</kind>
         <file>libclang_rt.builtins.a</file>
         <name>muldsi3.S.obj</name>
      </input_file>
      <input_file id="fl-97">
         <path>C:\ti\ccs1240\ccs\tools\compiler\ti-cgt-armllvm_2.1.3.LTS\lib\clang\14.0.6\lib\armv6m-ti-none-eabi\</path>
         <kind>archive</kind>
         <file>libclang_rt.builtins.a</file>
         <name>divdf3.S.obj</name>
      </input_file>
      <input_file id="fl-98">
         <path>C:\ti\ccs1240\ccs\tools\compiler\ti-cgt-armllvm_2.1.3.LTS\lib\clang\14.0.6\lib\armv6m-ti-none-eabi\</path>
         <kind>archive</kind>
         <file>libclang_rt.builtins.a</file>
         <name>fixdfsi.S.obj</name>
      </input_file>
      <input_file id="fl-99">
         <path>C:\ti\ccs1240\ccs\tools\compiler\ti-cgt-armllvm_2.1.3.LTS\lib\clang\14.0.6\lib\armv6m-ti-none-eabi\</path>
         <kind>archive</kind>
         <file>libclang_rt.builtins.a</file>
         <name>floatsidf.S.obj</name>
      </input_file>
      <input_file id="fl-9a">
         <path>C:\ti\ccs1240\ccs\tools\compiler\ti-cgt-armllvm_2.1.3.LTS\lib\clang\14.0.6\lib\armv6m-ti-none-eabi\</path>
         <kind>archive</kind>
         <file>libclang_rt.builtins.a</file>
         <name>floatunsidf.S.obj</name>
      </input_file>
      <input_file id="fl-9b">
         <path>C:\ti\ccs1240\ccs\tools\compiler\ti-cgt-armllvm_2.1.3.LTS\lib\clang\14.0.6\lib\armv6m-ti-none-eabi\</path>
         <kind>archive</kind>
         <file>libclang_rt.builtins.a</file>
         <name>muldi3.S.obj</name>
      </input_file>
      <input_file id="fl-9c">
         <path>C:\ti\ccs1240\ccs\tools\compiler\ti-cgt-armllvm_2.1.3.LTS\lib\clang\14.0.6\lib\armv6m-ti-none-eabi\</path>
         <kind>archive</kind>
         <file>libclang_rt.builtins.a</file>
         <name>truncdfsf2.S.obj</name>
      </input_file>
      <input_file id="fl-9d">
         <path>C:\ti\ccs1240\ccs\tools\compiler\ti-cgt-armllvm_2.1.3.LTS\lib\clang\14.0.6\lib\armv6m-ti-none-eabi\</path>
         <kind>archive</kind>
         <file>libclang_rt.builtins.a</file>
         <name>aeabi_dcmp.S.obj</name>
      </input_file>
      <input_file id="fl-9e">
         <path>C:\ti\ccs1240\ccs\tools\compiler\ti-cgt-armllvm_2.1.3.LTS\lib\clang\14.0.6\lib\armv6m-ti-none-eabi\</path>
         <kind>archive</kind>
         <file>libclang_rt.builtins.a</file>
         <name>aeabi_idivmod.S.obj</name>
      </input_file>
      <input_file id="fl-9f">
         <path>C:\ti\ccs1240\ccs\tools\compiler\ti-cgt-armllvm_2.1.3.LTS\lib\clang\14.0.6\lib\armv6m-ti-none-eabi\</path>
         <kind>archive</kind>
         <file>libclang_rt.builtins.a</file>
         <name>aeabi_memcpy.S.obj</name>
      </input_file>
      <input_file id="fl-a0">
         <path>C:\ti\ccs1240\ccs\tools\compiler\ti-cgt-armllvm_2.1.3.LTS\lib\clang\14.0.6\lib\armv6m-ti-none-eabi\</path>
         <kind>archive</kind>
         <file>libclang_rt.builtins.a</file>
         <name>aeabi_memset.S.obj</name>
      </input_file>
      <input_file id="fl-a1">
         <path>C:\ti\ccs1240\ccs\tools\compiler\ti-cgt-armllvm_2.1.3.LTS\lib\clang\14.0.6\lib\armv6m-ti-none-eabi\</path>
         <kind>archive</kind>
         <file>libclang_rt.builtins.a</file>
         <name>aeabi_uidivmod.S.obj</name>
      </input_file>
      <input_file id="fl-a2">
         <path>C:\ti\ccs1240\ccs\tools\compiler\ti-cgt-armllvm_2.1.3.LTS\lib\clang\14.0.6\lib\armv6m-ti-none-eabi\</path>
         <kind>archive</kind>
         <file>libclang_rt.builtins.a</file>
         <name>aeabi_uldivmod.S.obj</name>
      </input_file>
      <input_file id="fl-a3">
         <path>C:\ti\ccs1240\ccs\tools\compiler\ti-cgt-armllvm_2.1.3.LTS\lib\clang\14.0.6\lib\armv6m-ti-none-eabi\</path>
         <kind>archive</kind>
         <file>libclang_rt.builtins.a</file>
         <name>udivmoddi4.S.obj</name>
      </input_file>
      <input_file id="fl-a4">
         <path>C:\ti\ccs1240\ccs\tools\compiler\ti-cgt-armllvm_2.1.3.LTS\lib\clang\14.0.6\lib\armv6m-ti-none-eabi\</path>
         <kind>archive</kind>
         <file>libclang_rt.builtins.a</file>
         <name>ashldi3.S.obj</name>
      </input_file>
      <input_file id="fl-a5">
         <path>C:\ti\ccs1240\ccs\tools\compiler\ti-cgt-armllvm_2.1.3.LTS\lib\clang\14.0.6\lib\armv6m-ti-none-eabi\</path>
         <kind>archive</kind>
         <file>libclang_rt.builtins.a</file>
         <name>comparedf2.c.obj</name>
      </input_file>
      <input_file id="fl-a6">
         <path>C:\ti\ccs1240\ccs\tools\compiler\ti-cgt-armllvm_2.1.3.LTS\lib\clang\14.0.6\lib\armv6m-ti-none-eabi\</path>
         <kind>archive</kind>
         <file>libclang_rt.builtins.a</file>
         <name>aeabi_div0.c.obj</name>
      </input_file>
      <input_file id="fl-a7">
         <path>C:\ti\ccs1240\ccs\tools\compiler\ti-cgt-armllvm_2.1.3.LTS\lib\armv6m-ti-none-eabi\c\</path>
         <kind>archive</kind>
         <file>libc.a</file>
         <name>getdevice.c.obj</name>
      </input_file>
      <input_file id="fl-a8">
         <path>C:\ti\ccs1240\ccs\tools\compiler\ti-cgt-armllvm_2.1.3.LTS\lib\armv6m-ti-none-eabi\c\</path>
         <kind>archive</kind>
         <file>libc.a</file>
         <name>memcpy16.S.obj</name>
      </input_file>
      <input_file id="fl-a9">
         <path>C:\ti\ccs1240\ccs\tools\compiler\ti-cgt-armllvm_2.1.3.LTS\lib\armv6m-ti-none-eabi\c\</path>
         <kind>archive</kind>
         <file>libc.a</file>
         <name>memset16.S.obj</name>
      </input_file>
   </input_file_list>
   <object_component_list>
      <object_component id="oc-18">
         <name>.intvecs</name>
         <load_address>0x0</load_address>
         <run_address>0x0</run_address>
         <size>0xc0</size>
         <input_file_ref idref="fl-12"/>
      </object_component>
      <object_component id="oc-22b">
         <name>.text:__TI_printfi_nofloat</name>
         <load_address>0x7920</load_address>
         <run_address>0x7920</run_address>
         <size>0x898</size>
         <input_file_ref idref="fl-2b"/>
      </object_component>
      <object_component id="oc-7e">
         <name>.text.UpdatePlatforms</name>
         <load_address>0x81b8</load_address>
         <run_address>0x81b8</run_address>
         <size>0x3c8</size>
         <input_file_ref idref="fl-4"/>
      </object_component>
      <object_component id="oc-126">
         <name>.text.ST7735_DrawBitmap</name>
         <load_address>0x8580</load_address>
         <run_address>0x8580</run_address>
         <size>0x210</size>
         <input_file_ref idref="fl-b"/>
      </object_component>
      <object_component id="oc-f9">
         <name>.text.PlatformsInit</name>
         <load_address>0x8790</load_address>
         <run_address>0x8790</run_address>
         <size>0x200</size>
         <input_file_ref idref="fl-4"/>
      </object_component>
      <object_component id="oc-136">
         <name>.text.Clock_Init80MHz</name>
         <load_address>0x8990</load_address>
         <run_address>0x8990</run_address>
         <size>0x1b4</size>
         <input_file_ref idref="fl-2"/>
      </object_component>
      <object_component id="oc-224">
         <name>.text.ST7735_DrawCharS</name>
         <load_address>0x8b44</load_address>
         <run_address>0x8b44</run_address>
         <size>0x1a0</size>
         <input_file_ref idref="fl-b"/>
      </object_component>
      <object_component id="oc-1b5">
         <name>.text._openfile</name>
         <load_address>0x8ce4</load_address>
         <run_address>0x8ce4</run_address>
         <size>0x13c</size>
         <input_file_ref idref="fl-2c"/>
      </object_component>
      <object_component id="oc-222">
         <name>.text.aligned_alloc</name>
         <load_address>0x8e20</load_address>
         <run_address>0x8e20</run_address>
         <size>0x13c</size>
         <input_file_ref idref="fl-3b"/>
      </object_component>
      <object_component id="oc-162">
         <name>.text.ADC_Init</name>
         <load_address>0x8f5c</load_address>
         <run_address>0x8f5c</run_address>
         <size>0x128</size>
         <input_file_ref idref="fl-f"/>
      </object_component>
      <object_component id="oc-15a">
         <name>.text.ST7735_FillRect</name>
         <load_address>0x9084</load_address>
         <run_address>0x9084</run_address>
         <size>0x118</size>
         <input_file_ref idref="fl-b"/>
      </object_component>
      <object_component id="oc-98">
         <name>.text.main</name>
         <load_address>0x919c</load_address>
         <run_address>0x919c</run_address>
         <size>0x114</size>
         <input_file_ref idref="fl-7"/>
      </object_component>
      <object_component id="oc-7d">
         <name>.text.CheckForCollision</name>
         <load_address>0x92b0</load_address>
         <run_address>0x92b0</run_address>
         <size>0x110</size>
         <input_file_ref idref="fl-4"/>
      </object_component>
      <object_component id="oc-1c0">
         <name>.text.free</name>
         <load_address>0x93c0</load_address>
         <run_address>0x93c0</run_address>
         <size>0x100</size>
         <input_file_ref idref="fl-3b"/>
      </object_component>
      <object_component id="oc-1e6">
         <name>.text.SPI_Init</name>
         <load_address>0x94c0</load_address>
         <run_address>0x94c0</run_address>
         <size>0xf8</size>
         <input_file_ref idref="fl-a"/>
      </object_component>
      <object_component id="oc-22d">
         <name>.text.fputs</name>
         <load_address>0x95b8</load_address>
         <run_address>0x95b8</run_address>
         <size>0xf8</size>
         <input_file_ref idref="fl-2e"/>
      </object_component>
      <object_component id="oc-38">
         <name>.text.TIMG12_IRQHandler</name>
         <load_address>0x96b0</load_address>
         <run_address>0x96b0</run_address>
         <size>0xf4</size>
         <input_file_ref idref="fl-7"/>
      </object_component>
      <object_component id="oc-164">
         <name>.text.UART_Init</name>
         <load_address>0x97a4</load_address>
         <run_address>0x97a4</run_address>
         <size>0xe8</size>
         <input_file_ref idref="fl-f"/>
      </object_component>
      <object_component id="oc-13f">
         <name>.text.add_device</name>
         <load_address>0x988c</load_address>
         <run_address>0x988c</run_address>
         <size>0xe8</size>
         <input_file_ref idref="fl-8a"/>
      </object_component>
      <object_component id="oc-fd">
         <name>.text.DisplayScore</name>
         <load_address>0x9974</load_address>
         <run_address>0x9974</run_address>
         <size>0xe4</size>
         <input_file_ref idref="fl-5"/>
      </object_component>
      <object_component id="oc-14a">
         <name>.text.setvbuf</name>
         <load_address>0x9a58</load_address>
         <run_address>0x9a58</run_address>
         <size>0xe0</size>
         <input_file_ref idref="fl-30"/>
      </object_component>
      <object_component id="oc-fb">
         <name>.text.DisplayPlatforms</name>
         <load_address>0x9b38</load_address>
         <run_address>0x9b38</run_address>
         <size>0xd0</size>
         <input_file_ref idref="fl-5"/>
      </object_component>
      <object_component id="oc-1c7">
         <name>.text.ST7735_OutChar</name>
         <load_address>0x9c08</load_address>
         <run_address>0x9c08</run_address>
         <size>0xd0</size>
         <input_file_ref idref="fl-b"/>
      </object_component>
      <object_component id="oc-1d8">
         <name>.text.DisplayOptions</name>
         <load_address>0x9cd8</load_address>
         <run_address>0x9cd8</run_address>
         <size>0xc8</size>
         <input_file_ref idref="fl-5"/>
      </object_component>
      <object_component id="oc-1da">
         <name>.text.DisplayGameOver</name>
         <load_address>0x9da0</load_address>
         <run_address>0x9da0</run_address>
         <size>0xc4</size>
         <input_file_ref idref="fl-5"/>
      </object_component>
      <object_component id="oc-7c">
         <name>.text.UpdateDoodlerPosition</name>
         <load_address>0x9e64</load_address>
         <run_address>0x9e64</run_address>
         <size>0xc4</size>
         <input_file_ref idref="fl-4"/>
      </object_component>
      <object_component id="oc-16a">
         <name>.text.DisplayTitle</name>
         <load_address>0x9f28</load_address>
         <run_address>0x9f28</run_address>
         <size>0xb4</size>
         <input_file_ref idref="fl-5"/>
      </object_component>
      <object_component id="oc-166">
         <name>.text.TimerG7_IntArm</name>
         <load_address>0x9fdc</load_address>
         <run_address>0x9fdc</run_address>
         <size>0xa8</size>
         <input_file_ref idref="fl-10"/>
      </object_component>
      <object_component id="oc-20b">
         <name>.text.open</name>
         <load_address>0xa084</load_address>
         <run_address>0xa084</run_address>
         <size>0xa8</size>
         <input_file_ref idref="fl-87"/>
      </object_component>
      <object_component id="oc-19f">
         <name>.text.commandList</name>
         <load_address>0xa12c</load_address>
         <run_address>0xa12c</run_address>
         <size>0xa2</size>
         <input_file_ref idref="fl-b"/>
      </object_component>
      <object_component id="oc-11d">
         <name>.text.__aeabi_idiv0</name>
         <load_address>0xa1ce</load_address>
         <run_address>0xa1ce</run_address>
         <size>0x2</size>
         <input_file_ref idref="fl-a6"/>
      </object_component>
      <object_component id="oc-2bf">
         <name>.text</name>
         <load_address>0xa1d0</load_address>
         <run_address>0xa1d0</run_address>
         <size>0xa2</size>
         <input_file_ref idref="fl-a3"/>
      </object_component>
      <object_component id="oc-2fc">
         <name>.text.__aeabi_ldiv0</name>
         <load_address>0xa272</load_address>
         <run_address>0xa272</run_address>
         <size>0x2</size>
         <input_file_ref idref="fl-a6"/>
      </object_component>
      <object_component id="oc-dd">
         <name>.text.ST7735_InitPrintf</name>
         <load_address>0xa274</load_address>
         <run_address>0xa274</run_address>
         <size>0x9c</size>
         <input_file_ref idref="fl-b"/>
      </object_component>
      <object_component id="oc-13e">
         <name>.text.ST7735_InitR</name>
         <load_address>0xa310</load_address>
         <run_address>0xa310</run_address>
         <size>0x98</size>
         <input_file_ref idref="fl-b"/>
      </object_component>
      <object_component id="oc-fc">
         <name>.text.DisplayDoodler</name>
         <load_address>0xa3a8</load_address>
         <run_address>0xa3a8</run_address>
         <size>0x94</size>
         <input_file_ref idref="fl-5"/>
      </object_component>
      <object_component id="oc-ec">
         <name>.text.TimerG12_IntArm</name>
         <load_address>0xa43c</load_address>
         <run_address>0xa43c</run_address>
         <size>0x94</size>
         <input_file_ref idref="fl-10"/>
      </object_component>
      <object_component id="oc-233">
         <name>.text.fputc</name>
         <load_address>0xa4d0</load_address>
         <run_address>0xa4d0</run_address>
         <size>0x90</size>
         <input_file_ref idref="fl-2d"/>
      </object_component>
      <object_component id="oc-193">
         <name>.text.setAddrWindow</name>
         <load_address>0xa560</load_address>
         <run_address>0xa560</run_address>
         <size>0x88</size>
         <input_file_ref idref="fl-b"/>
      </object_component>
      <object_component id="oc-223">
         <name>.text.ST7735_DrawString</name>
         <load_address>0xa5e8</load_address>
         <run_address>0xa5e8</run_address>
         <size>0x84</size>
         <input_file_ref idref="fl-b"/>
      </object_component>
      <object_component id="oc-143">
         <name>.text.fopen</name>
         <load_address>0xa66c</load_address>
         <run_address>0xa66c</run_address>
         <size>0x84</size>
         <input_file_ref idref="fl-2c"/>
      </object_component>
      <object_component id="oc-80">
         <name>.text.CheckForEndOfPowerUp</name>
         <load_address>0xa6f0</load_address>
         <run_address>0xa6f0</run_address>
         <size>0x80</size>
         <input_file_ref idref="fl-4"/>
      </object_component>
      <object_component id="oc-123">
         <name>.text.RemovePlatforms</name>
         <load_address>0xa770</load_address>
         <run_address>0xa770</run_address>
         <size>0x80</size>
         <input_file_ref idref="fl-4"/>
      </object_component>
      <object_component id="oc-d8">
         <name>.text.LaunchPad_Init</name>
         <load_address>0xa7f0</load_address>
         <run_address>0xa7f0</run_address>
         <size>0x7c</size>
         <input_file_ref idref="fl-8"/>
      </object_component>
      <object_component id="oc-1ba">
         <name>.text.__TI_closefile</name>
         <load_address>0xa86c</load_address>
         <run_address>0xa86c</run_address>
         <size>0x7c</size>
         <input_file_ref idref="fl-44"/>
      </object_component>
      <object_component id="oc-e3">
         <name>.text.ADCinit</name>
         <load_address>0xa8e8</load_address>
         <run_address>0xa8e8</run_address>
         <size>0x78</size>
         <input_file_ref idref="fl-1"/>
      </object_component>
      <object_component id="oc-180">
         <name>.text.MainMenu</name>
         <load_address>0xa960</load_address>
         <run_address>0xa960</run_address>
         <size>0x74</size>
         <input_file_ref idref="fl-9"/>
      </object_component>
      <object_component id="oc-fe">
         <name>.text.MenuHandler</name>
         <load_address>0xa9d4</load_address>
         <run_address>0xa9d4</run_address>
         <size>0x74</size>
         <input_file_ref idref="fl-9"/>
      </object_component>
      <object_component id="oc-271">
         <name>.text.ST7735_DrawPixel</name>
         <load_address>0xaa48</load_address>
         <run_address>0xaa48</run_address>
         <size>0x70</size>
         <input_file_ref idref="fl-b"/>
      </object_component>
      <object_component id="oc-312">
         <name>.text.fseeko</name>
         <load_address>0xaab8</load_address>
         <run_address>0xaab8</run_address>
         <size>0x6c</size>
         <input_file_ref idref="fl-46"/>
      </object_component>
      <object_component id="oc-258">
         <name>.text.getdevice</name>
         <load_address>0xab24</load_address>
         <run_address>0xab24</run_address>
         <size>0x6c</size>
         <input_file_ref idref="fl-a7"/>
      </object_component>
      <object_component id="oc-1fa">
         <name>.text.HOSTlseek</name>
         <load_address>0xab90</load_address>
         <run_address>0xab90</run_address>
         <size>0x68</size>
         <input_file_ref idref="fl-8d"/>
      </object_component>
      <object_component id="oc-202">
         <name>.text.HOSTrename</name>
         <load_address>0xabf8</load_address>
         <run_address>0xabf8</run_address>
         <size>0x68</size>
         <input_file_ref idref="fl-90"/>
      </object_component>
      <object_component id="oc-1c">
         <name>.text:decompress:lzss</name>
         <load_address>0xac60</load_address>
         <run_address>0xac60</run_address>
         <size>0x68</size>
         <input_file_ref idref="fl-3e"/>
      </object_component>
      <object_component id="oc-f8">
         <name>.text.DoodlerInit</name>
         <load_address>0xacc8</load_address>
         <run_address>0xacc8</run_address>
         <size>0x64</size>
         <input_file_ref idref="fl-4"/>
      </object_component>
      <object_component id="oc-182">
         <name>.text.GameOver</name>
         <load_address>0xad2c</load_address>
         <run_address>0xad2c</run_address>
         <size>0x64</size>
         <input_file_ref idref="fl-9"/>
      </object_component>
      <object_component id="oc-298">
         <name>.text.__TI_wrt_ok</name>
         <load_address>0xad90</load_address>
         <run_address>0xad90</run_address>
         <size>0x64</size>
         <input_file_ref idref="fl-2f"/>
      </object_component>
      <object_component id="oc-26f">
         <name>.text.split</name>
         <load_address>0xadf4</load_address>
         <run_address>0xadf4</run_address>
         <size>0x64</size>
         <input_file_ref idref="fl-3b"/>
      </object_component>
      <object_component id="oc-181">
         <name>.text.Options</name>
         <load_address>0xae58</load_address>
         <run_address>0xae58</run_address>
         <size>0x60</size>
         <input_file_ref idref="fl-9"/>
      </object_component>
      <object_component id="oc-1ea">
         <name>.text.HOSTopen</name>
         <load_address>0xaeb8</load_address>
         <run_address>0xaeb8</run_address>
         <size>0x5c</size>
         <input_file_ref idref="fl-8e"/>
      </object_component>
      <object_component id="oc-177">
         <name>.text.printf</name>
         <load_address>0xaf14</load_address>
         <run_address>0xaf14</run_address>
         <size>0x5c</size>
         <input_file_ref idref="fl-2a"/>
      </object_component>
      <object_component id="oc-c4">
         <name>.text.AddPHat</name>
         <load_address>0xaf70</load_address>
         <run_address>0xaf70</run_address>
         <size>0x58</size>
         <input_file_ref idref="fl-4"/>
      </object_component>
      <object_component id="oc-81">
         <name>.text.CheckforUnpause</name>
         <load_address>0xafc8</load_address>
         <run_address>0xafc8</run_address>
         <size>0x58</size>
         <input_file_ref idref="fl-4"/>
      </object_component>
      <object_component id="oc-1f2">
         <name>.text.HOSTread</name>
         <load_address>0xb020</load_address>
         <run_address>0xb020</run_address>
         <size>0x58</size>
         <input_file_ref idref="fl-8f"/>
      </object_component>
      <object_component id="oc-1f6">
         <name>.text.HOSTwrite</name>
         <load_address>0xb078</load_address>
         <run_address>0xb078</run_address>
         <size>0x58</size>
         <input_file_ref idref="fl-92"/>
      </object_component>
      <object_component id="oc-eb">
         <name>.text.TExaS_Init</name>
         <load_address>0xb0d0</load_address>
         <run_address>0xb0d0</run_address>
         <size>0x58</size>
         <input_file_ref idref="fl-f"/>
      </object_component>
      <object_component id="oc-12b">
         <name>.text</name>
         <load_address>0xb128</load_address>
         <run_address>0xb128</run_address>
         <size>0x56</size>
         <input_file_ref idref="fl-9e"/>
      </object_component>
      <object_component id="oc-1db">
         <name>.text._nop</name>
         <load_address>0xb17e</load_address>
         <run_address>0xb17e</run_address>
         <size>0x2</size>
         <input_file_ref idref="fl-35"/>
      </object_component>
      <object_component id="oc-7f">
         <name>.text.CheckForPause</name>
         <load_address>0xb180</load_address>
         <run_address>0xb180</run_address>
         <size>0x54</size>
         <input_file_ref idref="fl-4"/>
      </object_component>
      <object_component id="oc-20f">
         <name>.text.__TI_doflush</name>
         <load_address>0xb1d4</load_address>
         <run_address>0xb1d4</run_address>
         <size>0x50</size>
         <input_file_ref idref="fl-45"/>
      </object_component>
      <object_component id="oc-215">
         <name>.text.close</name>
         <load_address>0xb224</load_address>
         <run_address>0xb224</run_address>
         <size>0x50</size>
         <input_file_ref idref="fl-89"/>
      </object_component>
      <object_component id="oc-160">
         <name>.text.SysTick_IntArm</name>
         <load_address>0xb274</load_address>
         <run_address>0xb274</run_address>
         <size>0x4c</size>
         <input_file_ref idref="fl-d"/>
      </object_component>
      <object_component id="oc-1ee">
         <name>.text.HOSTclose</name>
         <load_address>0xb2c0</load_address>
         <run_address>0xb2c0</run_address>
         <size>0x48</size>
         <input_file_ref idref="fl-8c"/>
      </object_component>
      <object_component id="oc-1fe">
         <name>.text.HOSTunlink</name>
         <load_address>0xb308</load_address>
         <run_address>0xb308</run_address>
         <size>0x48</size>
         <input_file_ref idref="fl-91"/>
      </object_component>
      <object_component id="oc-1a0">
         <name>.text.SPI_OutCommand</name>
         <load_address>0xb350</load_address>
         <run_address>0xb350</run_address>
         <size>0x48</size>
         <input_file_ref idref="fl-a"/>
      </object_component>
      <object_component id="oc-6d">
         <name>.text.ADCin</name>
         <load_address>0xb398</load_address>
         <run_address>0xb398</run_address>
         <size>0x44</size>
         <input_file_ref idref="fl-1"/>
      </object_component>
      <object_component id="oc-27b">
         <name>.text.atoi</name>
         <load_address>0xb3dc</load_address>
         <run_address>0xb3dc</run_address>
         <size>0x44</size>
         <input_file_ref idref="fl-38"/>
      </object_component>
      <object_component id="oc-239">
         <name>.text.SPI_Reset</name>
         <load_address>0xb420</load_address>
         <run_address>0xb420</run_address>
         <size>0x40</size>
         <input_file_ref idref="fl-a"/>
      </object_component>
      <object_component id="oc-33">
         <name>.text.TIMG7_IRQHandler</name>
         <load_address>0xb460</load_address>
         <run_address>0xb460</run_address>
         <size>0x40</size>
         <input_file_ref idref="fl-f"/>
      </object_component>
      <object_component id="oc-b4">
         <name>.text</name>
         <load_address>0xb4a0</load_address>
         <run_address>0xb4a0</run_address>
         <size>0x40</size>
         <input_file_ref idref="fl-a1"/>
      </object_component>
      <object_component id="oc-124">
         <name>.text.RemoveDoodler</name>
         <load_address>0xb4e0</load_address>
         <run_address>0xb4e0</run_address>
         <size>0x3e</size>
         <input_file_ref idref="fl-4"/>
      </object_component>
      <object_component id="oc-b8">
         <name>.text.GameEnd</name>
         <load_address>0xb520</load_address>
         <run_address>0xb520</run_address>
         <size>0x3c</size>
         <input_file_ref idref="fl-4"/>
      </object_component>
      <object_component id="oc-1d9">
         <name>.text.LangSwitch</name>
         <load_address>0xb55c</load_address>
         <run_address>0xb55c</run_address>
         <size>0x3c</size>
         <input_file_ref idref="fl-9"/>
      </object_component>
      <object_component id="oc-16e">
         <name>.text.PHatDInit</name>
         <load_address>0xb598</load_address>
         <run_address>0xb598</run_address>
         <size>0x3c</size>
         <input_file_ref idref="fl-4"/>
      </object_component>
      <object_component id="oc-be">
         <name>.text.QuickErasePHat</name>
         <load_address>0xb5d4</load_address>
         <run_address>0xb5d4</run_address>
         <size>0x3c</size>
         <input_file_ref idref="fl-5"/>
      </object_component>
      <object_component id="oc-64">
         <name>.text.Sound_Bounce</name>
         <load_address>0xb610</load_address>
         <run_address>0xb610</run_address>
         <size>0x3c</size>
         <input_file_ref idref="fl-d"/>
      </object_component>
      <object_component id="oc-65">
         <name>.text.Sound_Killed</name>
         <load_address>0xb64c</load_address>
         <run_address>0xb64c</run_address>
         <size>0x3c</size>
         <input_file_ref idref="fl-d"/>
      </object_component>
      <object_component id="oc-109">
         <name>.text:__TI_auto_init_nobinit_nopinit</name>
         <load_address>0xb688</load_address>
         <run_address>0xb688</run_address>
         <size>0x3c</size>
         <input_file_ref idref="fl-49"/>
      </object_component>
      <object_component id="oc-2ba">
         <name>.text</name>
         <load_address>0xb6c4</load_address>
         <run_address>0xb6c4</run_address>
         <size>0x3a</size>
         <input_file_ref idref="fl-96"/>
      </object_component>
      <object_component id="oc-13b">
         <name>.text.ActivatePortA_B</name>
         <load_address>0xb700</load_address>
         <run_address>0xb700</run_address>
         <size>0x38</size>
         <input_file_ref idref="fl-8"/>
      </object_component>
      <object_component id="oc-161">
         <name>.text.DAC5_Init</name>
         <load_address>0xb738</load_address>
         <run_address>0xb738</run_address>
         <size>0x38</size>
         <input_file_ref idref="fl-3"/>
      </object_component>
      <object_component id="oc-194">
         <name>.text.SPI_OutData</name>
         <load_address>0xb770</load_address>
         <run_address>0xb770</run_address>
         <size>0x38</size>
         <input_file_ref idref="fl-a"/>
      </object_component>
      <object_component id="oc-1a9">
         <name>.text.finddevice</name>
         <load_address>0xb7a8</load_address>
         <run_address>0xb7a8</run_address>
         <size>0x38</size>
         <input_file_ref idref="fl-a7"/>
      </object_component>
      <object_component id="oc-1e7">
         <name>.text.Clock_Delay1ms</name>
         <load_address>0xb7e0</load_address>
         <run_address>0xb7e0</run_address>
         <size>0x34</size>
         <input_file_ref idref="fl-2"/>
      </object_component>
      <object_component id="oc-175">
         <name>.text.ST7735_SetCursor</name>
         <load_address>0xb814</load_address>
         <run_address>0xb814</run_address>
         <size>0x34</size>
         <input_file_ref idref="fl-b"/>
      </object_component>
      <object_component id="oc-151">
         <name>.text.ST7735_write</name>
         <load_address>0xb848</load_address>
         <run_address>0xb848</run_address>
         <size>0x34</size>
         <input_file_ref idref="fl-b"/>
      </object_component>
      <object_component id="oc-ba">
         <name>.text.Sound_Start</name>
         <load_address>0xb87c</load_address>
         <run_address>0xb87c</run_address>
         <size>0x34</size>
         <input_file_ref idref="fl-d"/>
      </object_component>
      <object_component id="oc-1c3">
         <name>.text.__TI_cleanup</name>
         <load_address>0xb8b0</load_address>
         <run_address>0xb8b0</run_address>
         <size>0x34</size>
         <input_file_ref idref="fl-2c"/>
      </object_component>
      <object_component id="oc-240">
         <name>.text.__TI_readmsg</name>
         <load_address>0xb8e4</load_address>
         <run_address>0xb8e4</run_address>
         <size>0x34</size>
         <input_file_ref idref="fl-93"/>
      </object_component>
      <object_component id="oc-23a">
         <name>.text.__TI_writemsg</name>
         <load_address>0xb918</load_address>
         <run_address>0xb918</run_address>
         <size>0x34</size>
         <input_file_ref idref="fl-93"/>
      </object_component>
      <object_component id="oc-107">
         <name>.text.exit</name>
         <load_address>0xb94c</load_address>
         <run_address>0xb94c</run_address>
         <size>0x34</size>
         <input_file_ref idref="fl-34"/>
      </object_component>
      <object_component id="oc-149">
         <name>.text.freopen</name>
         <load_address>0xb980</load_address>
         <run_address>0xb980</run_address>
         <size>0x34</size>
         <input_file_ref idref="fl-2c"/>
      </object_component>
      <object_component id="oc-e4">
         <name>.text.Switch_Init</name>
         <load_address>0xb9b4</load_address>
         <run_address>0xb9b4</run_address>
         <size>0x30</size>
         <input_file_ref idref="fl-e"/>
      </object_component>
      <object_component id="oc-c5">
         <name>.text.UpdateScore</name>
         <load_address>0xb9e4</load_address>
         <run_address>0xb9e4</run_address>
         <size>0x30</size>
         <input_file_ref idref="fl-4"/>
      </object_component>
      <object_component id="oc-19e">
         <name>.text.commonInit</name>
         <load_address>0xba14</load_address>
         <run_address>0xba14</run_address>
         <size>0x30</size>
         <input_file_ref idref="fl-b"/>
      </object_component>
      <object_component id="oc-fa">
         <name>.text.PHatPInit</name>
         <load_address>0xba44</load_address>
         <run_address>0xba44</run_address>
         <size>0x2e</size>
         <input_file_ref idref="fl-4"/>
      </object_component>
      <object_component id="oc-e5">
         <name>.text.LED_Init</name>
         <load_address>0xba74</load_address>
         <run_address>0xba74</run_address>
         <size>0x2c</size>
         <input_file_ref idref="fl-6"/>
      </object_component>
      <object_component id="oc-e2">
         <name>.text.ST7735_FillScreen</name>
         <load_address>0xbaa0</load_address>
         <run_address>0xbaa0</run_address>
         <size>0x2c</size>
         <input_file_ref idref="fl-b"/>
      </object_component>
      <object_component id="oc-267">
         <name>.text.unlink</name>
         <load_address>0xbacc</load_address>
         <run_address>0xbacc</run_address>
         <size>0x2c</size>
         <input_file_ref idref="fl-8b"/>
      </object_component>
      <object_component id="oc-163">
         <name>.text.ADC_Start</name>
         <load_address>0xbaf8</load_address>
         <run_address>0xbaf8</run_address>
         <size>0x28</size>
         <input_file_ref idref="fl-f"/>
      </object_component>
      <object_component id="oc-cc">
         <name>.text.FreezeDoodler</name>
         <load_address>0xbb20</load_address>
         <run_address>0xbb20</run_address>
         <size>0x28</size>
         <input_file_ref idref="fl-4"/>
      </object_component>
      <object_component id="oc-b0">
         <name>.text.GameConvert</name>
         <load_address>0xbb48</load_address>
         <run_address>0xbb48</run_address>
         <size>0x28</size>
         <input_file_ref idref="fl-4"/>
      </object_component>
      <object_component id="oc-2e">
         <name>.text.SysTick_Handler</name>
         <load_address>0xbb70</load_address>
         <run_address>0xbb70</run_address>
         <size>0x28</size>
         <input_file_ref idref="fl-d"/>
      </object_component>
      <object_component id="oc-221">
         <name>.text.free_list_insert</name>
         <load_address>0xbb98</load_address>
         <run_address>0xbb98</run_address>
         <size>0x28</size>
         <input_file_ref idref="fl-3b"/>
      </object_component>
      <object_component id="oc-316">
         <name>.text.lseek</name>
         <load_address>0xbbc0</load_address>
         <run_address>0xbbc0</run_address>
         <size>0x28</size>
         <input_file_ref idref="fl-88"/>
      </object_component>
      <object_component id="oc-25e">
         <name>.text.write</name>
         <load_address>0xbbe8</load_address>
         <run_address>0xbbe8</run_address>
         <size>0x28</size>
         <input_file_ref idref="fl-84"/>
      </object_component>
      <object_component id="oc-58">
         <name>.text:_c_int00_noargs</name>
         <load_address>0xbc10</load_address>
         <run_address>0xbc10</run_address>
         <size>0x28</size>
         <input_file_ref idref="fl-3f"/>
      </object_component>
      <object_component id="oc-176">
         <name>.text.ST7735_OutString</name>
         <load_address>0xbc38</load_address>
         <run_address>0xbc38</run_address>
         <size>0x26</size>
         <input_file_ref idref="fl-b"/>
      </object_component>
      <object_component id="oc-274">
         <name>.text.memccpy</name>
         <load_address>0xbc5e</load_address>
         <run_address>0xbc5e</run_address>
         <size>0x24</size>
         <input_file_ref idref="fl-3a"/>
      </object_component>
      <object_component id="oc-288">
         <name>.text</name>
         <load_address>0xbc84</load_address>
         <run_address>0xbc84</run_address>
         <size>0x24</size>
         <input_file_ref idref="fl-9b"/>
      </object_component>
      <object_component id="oc-f2">
         <name>.text.MenuInit</name>
         <load_address>0xbca8</load_address>
         <run_address>0xbca8</run_address>
         <size>0x20</size>
         <input_file_ref idref="fl-9"/>
      </object_component>
      <object_component id="oc-12a">
         <name>.text.Random32</name>
         <load_address>0xbcc8</load_address>
         <run_address>0xbcc8</run_address>
         <size>0x20</size>
         <input_file_ref idref="fl-7"/>
      </object_component>
      <object_component id="oc-2ab">
         <name>.text.pushColor</name>
         <load_address>0xbce8</load_address>
         <run_address>0xbce8</run_address>
         <size>0x1e</size>
         <input_file_ref idref="fl-b"/>
      </object_component>
      <object_component id="oc-2fd">
         <name>.text</name>
         <load_address>0xbd08</load_address>
         <run_address>0xbd08</run_address>
         <size>0x1e</size>
         <input_file_ref idref="fl-a4"/>
      </object_component>
      <object_component id="oc-a4">
         <name>.text.DAC5_Out</name>
         <load_address>0xbd28</load_address>
         <run_address>0xbd28</run_address>
         <size>0x1c</size>
         <input_file_ref idref="fl-3"/>
      </object_component>
      <object_component id="oc-77">
         <name>.text.UpdateDoodlerSpeed</name>
         <load_address>0xbd44</load_address>
         <run_address>0xbd44</run_address>
         <size>0x1c</size>
         <input_file_ref idref="fl-4"/>
      </object_component>
      <object_component id="oc-220">
         <name>.text.free_list_remove</name>
         <load_address>0xbd60</load_address>
         <run_address>0xbd60</run_address>
         <size>0x1c</size>
         <input_file_ref idref="fl-3b"/>
      </object_component>
      <object_component id="oc-90">
         <name>.text</name>
         <load_address>0xbd7c</load_address>
         <run_address>0xbd7c</run_address>
         <size>0x1c</size>
         <input_file_ref idref="fl-a0"/>
      </object_component>
      <object_component id="oc-c9">
         <name>.text.UnFreezeDoodler</name>
         <load_address>0xbd98</load_address>
         <run_address>0xbd98</run_address>
         <size>0x1a</size>
         <input_file_ref idref="fl-4"/>
      </object_component>
      <object_component id="oc-16b">
         <name>.text.MenuPlatformInit</name>
         <load_address>0xbdb4</load_address>
         <run_address>0xbdb4</run_address>
         <size>0x18</size>
         <input_file_ref idref="fl-9"/>
      </object_component>
      <object_component id="oc-c3">
         <name>.text.Random</name>
         <load_address>0xbdcc</load_address>
         <run_address>0xbdcc</run_address>
         <size>0x18</size>
         <input_file_ref idref="fl-7"/>
      </object_component>
      <object_component id="oc-154">
         <name>.text.ST7735_open</name>
         <load_address>0xbde4</load_address>
         <run_address>0xbde4</run_address>
         <size>0x16</size>
         <input_file_ref idref="fl-b"/>
      </object_component>
      <object_component id="oc-152">
         <name>.text.ST7735_read</name>
         <load_address>0xbdfa</load_address>
         <run_address>0xbdfa</run_address>
         <size>0x16</size>
         <input_file_ref idref="fl-b"/>
      </object_component>
      <object_component id="oc-f1">
         <name>.text.Random_Init</name>
         <load_address>0xbe10</load_address>
         <run_address>0xbe10</run_address>
         <size>0x14</size>
         <input_file_ref idref="fl-7"/>
      </object_component>
      <object_component id="oc-174">
         <name>.text.ST7735_SetTextColor</name>
         <load_address>0xbe24</load_address>
         <run_address>0xbe24</run_address>
         <size>0x14</size>
         <input_file_ref idref="fl-b"/>
      </object_component>
      <object_component id="oc-b3">
         <name>.text.SetOldPosition</name>
         <load_address>0xbe38</load_address>
         <run_address>0xbe38</run_address>
         <size>0x14</size>
         <input_file_ref idref="fl-4"/>
      </object_component>
      <object_component id="oc-a3">
         <name>.text.Sound_Stop</name>
         <load_address>0xbe4c</load_address>
         <run_address>0xbe4c</run_address>
         <size>0x14</size>
         <input_file_ref idref="fl-d"/>
      </object_component>
      <object_component id="oc-4f">
         <name>.text:decompress:ZI:__TI_zero_init_nomemset</name>
         <load_address>0xbe60</load_address>
         <run_address>0xbe60</run_address>
         <size>0x14</size>
         <input_file_ref idref="fl-3c"/>
      </object_component>
      <object_component id="oc-28c">
         <name>.text</name>
         <load_address>0xbe74</load_address>
         <run_address>0xbe74</run_address>
         <size>0x14</size>
         <input_file_ref idref="fl-a2"/>
      </object_component>
      <object_component id="oc-cd">
         <name>.text:TI_memcpy_small</name>
         <load_address>0xbe88</load_address>
         <run_address>0xbe88</run_address>
         <size>0x12</size>
         <input_file_ref idref="fl-a8"/>
      </object_component>
      <object_component id="oc-20">
         <name>.text:decompress:none</name>
         <load_address>0xbe9a</load_address>
         <run_address>0xbe9a</run_address>
         <size>0x12</size>
         <input_file_ref idref="fl-3d"/>
      </object_component>
      <object_component id="oc-f7">
         <name>.text.ClearMenu</name>
         <load_address>0xbeac</load_address>
         <run_address>0xbeac</run_address>
         <size>0x10</size>
         <input_file_ref idref="fl-5"/>
      </object_component>
      <object_component id="oc-15d">
         <name>.text.Clock_Delay</name>
         <load_address>0xbebc</load_address>
         <run_address>0xbebc</run_address>
         <size>0x10</size>
         <input_file_ref idref="fl-2"/>
      </object_component>
      <object_component id="oc-ea">
         <name>.text.Sound_Init</name>
         <load_address>0xbecc</load_address>
         <run_address>0xbecc</run_address>
         <size>0x10</size>
         <input_file_ref idref="fl-d"/>
      </object_component>
      <object_component id="oc-72">
         <name>.text.Switch_In</name>
         <load_address>0xbedc</load_address>
         <run_address>0xbedc</run_address>
         <size>0x10</size>
         <input_file_ref idref="fl-e"/>
      </object_component>
      <object_component id="oc-ff">
         <name>.text.TExaS_LaunchPadLogicPB27PB26</name>
         <load_address>0xbeec</load_address>
         <run_address>0xbeec</run_address>
         <size>0x10</size>
         <input_file_ref idref="fl-7"/>
      </object_component>
      <object_component id="oc-27f">
         <name>.text.wcslen</name>
         <load_address>0xbefc</load_address>
         <run_address>0xbefc</run_address>
         <size>0x10</size>
         <input_file_ref idref="fl-42"/>
      </object_component>
      <object_component id="oc-150">
         <name>.text.ST7735_lseek</name>
         <load_address>0xbf0c</load_address>
         <run_address>0xbf0c</run_address>
         <size>0xe</size>
         <input_file_ref idref="fl-b"/>
      </object_component>
      <object_component id="oc-254">
         <name>.text.strcpy</name>
         <load_address>0xbf1a</load_address>
         <run_address>0xbf1a</run_address>
         <size>0xe</size>
         <input_file_ref idref="fl-90"/>
      </object_component>
      <object_component id="oc-273">
         <name>.text.strlen</name>
         <load_address>0xbf28</load_address>
         <run_address>0xbf28</run_address>
         <size>0xe</size>
         <input_file_ref idref="fl-2b"/>
      </object_component>
      <object_component id="oc-255">
         <name>.text.strlen</name>
         <load_address>0xbf36</load_address>
         <run_address>0xbf36</run_address>
         <size>0xe</size>
         <input_file_ref idref="fl-90"/>
      </object_component>
      <object_component id="oc-130">
         <name>.text:TI_memset_small</name>
         <load_address>0xbf44</load_address>
         <run_address>0xbf44</run_address>
         <size>0xe</size>
         <input_file_ref idref="fl-a9"/>
      </object_component>
      <object_component id="oc-165">
         <name>.text.Clock_Freq</name>
         <load_address>0xbf54</load_address>
         <run_address>0xbf54</run_address>
         <size>0xc</size>
         <input_file_ref idref="fl-2"/>
      </object_component>
      <object_component id="oc-14e">
         <name>.text.ST7735_rename</name>
         <load_address>0xbf60</load_address>
         <run_address>0xbf60</run_address>
         <size>0xc</size>
         <input_file_ref idref="fl-b"/>
      </object_component>
      <object_component id="oc-1c2">
         <name>.text.malloc</name>
         <load_address>0xbf6c</load_address>
         <run_address>0xbf6c</run_address>
         <size>0xc</size>
         <input_file_ref idref="fl-3b"/>
      </object_component>
      <object_component id="oc-d7">
         <name>.text.PLL_Init</name>
         <load_address>0xbf78</load_address>
         <run_address>0xbf78</run_address>
         <size>0xa</size>
         <input_file_ref idref="fl-7"/>
      </object_component>
      <object_component id="oc-155">
         <name>.text.ST7735_close</name>
         <load_address>0xbf82</load_address>
         <run_address>0xbf82</run_address>
         <size>0xa</size>
         <input_file_ref idref="fl-b"/>
      </object_component>
      <object_component id="oc-14f">
         <name>.text.ST7735_unlink</name>
         <load_address>0xbf8c</load_address>
         <run_address>0xbf8c</run_address>
         <size>0xa</size>
         <input_file_ref idref="fl-b"/>
      </object_component>
      <object_component id="oc-283">
         <name>.text.__aeabi_errno_addr</name>
         <load_address>0xbf98</load_address>
         <run_address>0xbf98</run_address>
         <size>0x8</size>
         <input_file_ref idref="fl-33"/>
      </object_component>
      <object_component id="oc-1d5">
         <name>.text._outc</name>
         <load_address>0xbfa0</load_address>
         <run_address>0xbfa0</run_address>
         <size>0x8</size>
         <input_file_ref idref="fl-2a"/>
      </object_component>
      <object_component id="oc-1d4">
         <name>.text._outs</name>
         <load_address>0xbfa8</load_address>
         <run_address>0xbfa8</run_address>
         <size>0x8</size>
         <input_file_ref idref="fl-2a"/>
      </object_component>
      <object_component id="oc-2f3">
         <name>.text.fseek</name>
         <load_address>0xbfb0</load_address>
         <run_address>0xbfb0</run_address>
         <size>0x8</size>
         <input_file_ref idref="fl-46"/>
      </object_component>
      <object_component id="oc-219">
         <name>.text.remove</name>
         <load_address>0xbfb8</load_address>
         <run_address>0xbfb8</run_address>
         <size>0x8</size>
         <input_file_ref idref="fl-86"/>
      </object_component>
      <object_component id="oc-48">
         <name>.text</name>
         <load_address>0xbfc0</load_address>
         <run_address>0xbfc0</run_address>
         <size>0x8</size>
         <input_file_ref idref="fl-9f"/>
      </object_component>
      <object_component id="oc-2c">
         <name>.text.Default_Handler</name>
         <load_address>0xbfc8</load_address>
         <run_address>0xbfc8</run_address>
         <size>0x4</size>
         <input_file_ref idref="fl-12"/>
      </object_component>
      <object_component id="oc-2d">
         <name>.text.HardFault_Handler</name>
         <load_address>0xbfcc</load_address>
         <run_address>0xbfcc</run_address>
         <size>0x4</size>
         <input_file_ref idref="fl-12"/>
      </object_component>
      <object_component id="oc-28">
         <name>.text.Reset_Handler</name>
         <load_address>0xbfd0</load_address>
         <run_address>0xbfd0</run_address>
         <size>0x4</size>
         <input_file_ref idref="fl-12"/>
      </object_component>
      <object_component id="oc-94">
         <name>.text._system_pre_init</name>
         <load_address>0xbfd4</load_address>
         <run_address>0xbfd4</run_address>
         <size>0x4</size>
         <input_file_ref idref="fl-4a"/>
      </object_component>
      <object_component id="oc-102">
         <name>.text:abort</name>
         <load_address>0xbfd8</load_address>
         <run_address>0xbfd8</run_address>
         <size>0x4</size>
         <input_file_ref idref="fl-34"/>
      </object_component>
      <object_component id="oc-35a">
         <name>.cinit..data.load</name>
         <load_address>0xbfe0</load_address>
         <run_address>0xbfe0</run_address>
         <size>0x6c</size>
      </object_component>
      <object_component id="oc-358">
         <name>__TI_handler_table</name>
         <load_address>0xc04c</load_address>
         <run_address>0xc04c</run_address>
         <size>0xc</size>
      </object_component>
      <object_component id="oc-35b">
         <name>.cinit..bss.load</name>
         <load_address>0xc058</load_address>
         <run_address>0xc058</run_address>
         <size>0x8</size>
      </object_component>
      <object_component id="oc-359">
         <name>__TI_cinit_table</name>
         <load_address>0xc060</load_address>
         <run_address>0xc060</run_address>
         <size>0x10</size>
      </object_component>
      <object_component id="oc-1cc">
         <name>.rodata.title</name>
         <load_address>0xc0</load_address>
         <run_address>0xc0</run_address>
         <size>0x1c00</size>
         <input_file_ref idref="fl-5"/>
      </object_component>
      <object_component id="oc-ab">
         <name>.rodata.Fall</name>
         <load_address>0x1cc0</load_address>
         <run_address>0x1cc0</run_address>
         <size>0x108d</size>
         <input_file_ref idref="fl-d"/>
      </object_component>
      <object_component id="oc-1ce">
         <name>.rodata.optionsbutton</name>
         <load_address>0x2d4e</load_address>
         <run_address>0x2d4e</run_address>
         <size>0xe00</size>
         <input_file_ref idref="fl-5"/>
      </object_component>
      <object_component id="oc-1d0">
         <name>.rodata.optionsbuttonspanish</name>
         <load_address>0x3b4e</load_address>
         <run_address>0x3b4e</run_address>
         <size>0xe00</size>
         <input_file_ref idref="fl-5"/>
      </object_component>
      <object_component id="oc-1cd">
         <name>.rodata.playbutton</name>
         <load_address>0x494e</load_address>
         <run_address>0x494e</run_address>
         <size>0xe00</size>
         <input_file_ref idref="fl-5"/>
      </object_component>
      <object_component id="oc-1cf">
         <name>.rodata.playbuttonspanish</name>
         <load_address>0x574e</load_address>
         <run_address>0x574e</run_address>
         <size>0xe00</size>
         <input_file_ref idref="fl-5"/>
      </object_component>
      <object_component id="oc-272">
         <name>.rodata.Font</name>
         <load_address>0x654e</load_address>
         <run_address>0x654e</run_address>
         <size>0x4fb</size>
         <input_file_ref idref="fl-b"/>
      </object_component>
      <object_component id="oc-172">
         <name>.rodata.DoodlerBlank</name>
         <load_address>0x6a4a</load_address>
         <run_address>0x6a4a</run_address>
         <size>0x31e</size>
         <input_file_ref idref="fl-5"/>
      </object_component>
      <object_component id="oc-173">
         <name>.rodata.DoodlerRight</name>
         <load_address>0x6d68</load_address>
         <run_address>0x6d68</run_address>
         <size>0x31e</size>
         <input_file_ref idref="fl-5"/>
      </object_component>
      <object_component id="oc-aa">
         <name>.rodata.Pop</name>
         <load_address>0x7086</load_address>
         <run_address>0x7086</run_address>
         <size>0x212</size>
         <input_file_ref idref="fl-d"/>
      </object_component>
      <object_component id="oc-16f">
         <name>.rodata.PlatformBlank</name>
         <load_address>0x7298</load_address>
         <run_address>0x7298</run_address>
         <size>0x17a</size>
         <input_file_ref idref="fl-5"/>
      </object_component>
      <object_component id="oc-170">
         <name>.rodata.PlatformGreen</name>
         <load_address>0x7412</load_address>
         <run_address>0x7412</run_address>
         <size>0x17a</size>
         <input_file_ref idref="fl-5"/>
      </object_component>
      <object_component id="oc-2af">
         <name>.rodata</name>
         <load_address>0x7590</load_address>
         <run_address>0x7590</run_address>
         <size>0x101</size>
         <input_file_ref idref="fl-47"/>
      </object_component>
      <object_component id="oc-17e">
         <name>.rodata.str1.1</name>
         <load_address>0x7691</load_address>
         <run_address>0x7691</run_address>
         <size>0xa5</size>
         <input_file_ref idref="fl-5"/>
      </object_component>
      <object_component id="oc-171">
         <name>.rodata.PHat</name>
         <load_address>0x7736</load_address>
         <run_address>0x7736</run_address>
         <size>0x8c</size>
         <input_file_ref idref="fl-5"/>
      </object_component>
      <object_component id="oc-127">
         <name>.rodata.PHatBlank</name>
         <load_address>0x77c2</load_address>
         <run_address>0x77c2</run_address>
         <size>0x8c</size>
         <input_file_ref idref="fl-5"/>
      </object_component>
      <object_component id="oc-1a1">
         <name>.rodata.Rcmd1</name>
         <load_address>0x784e</load_address>
         <run_address>0x784e</run_address>
         <size>0x3b</size>
         <input_file_ref idref="fl-b"/>
      </object_component>
      <object_component id="oc-153">
         <name>.rodata.str1.1</name>
         <load_address>0x7889</load_address>
         <run_address>0x7889</run_address>
         <size>0x2e</size>
         <input_file_ref idref="fl-b"/>
      </object_component>
      <object_component id="oc-1a6">
         <name>.rodata.Rcmd3</name>
         <load_address>0x78b7</load_address>
         <run_address>0x78b7</run_address>
         <size>0x2b</size>
         <input_file_ref idref="fl-b"/>
      </object_component>
      <object_component id="oc-278">
         <name>.rodata.str1.1</name>
         <load_address>0x78e2</load_address>
         <run_address>0x78e2</run_address>
         <size>0x22</size>
         <input_file_ref idref="fl-2b"/>
      </object_component>
      <object_component id="oc-1a3">
         <name>.rodata.Rcmd2green</name>
         <load_address>0x7904</load_address>
         <run_address>0x7904</run_address>
         <size>0xd</size>
         <input_file_ref idref="fl-b"/>
      </object_component>
      <object_component id="oc-1a2">
         <name>.rodata.Rcmd2red</name>
         <load_address>0x7911</load_address>
         <run_address>0x7911</run_address>
         <size>0xd</size>
         <input_file_ref idref="fl-b"/>
      </object_component>
      <object_component id="oc-323">
         <name>.binit</name>
         <load_address>0x0</load_address>
         <run_address>0x0</run_address>
         <size>0x0</size>
      </object_component>
      <object_component id="oc-19b">
         <name>.data.BusFreq</name>
         <load_address>0x202006e8</load_address>
         <run_address>0x202006e8</run_address>
         <size>0x4</size>
         <input_file_ref idref="fl-2"/>
      </object_component>
      <object_component id="oc-101">
         <name>.data.Score</name>
         <load_address>0x202006f0</load_address>
         <run_address>0x202006f0</run_address>
         <size>0x4</size>
         <input_file_ref idref="fl-4"/>
      </object_component>
      <object_component id="oc-bc">
         <name>.data.PlatformCollisionFlag</name>
         <load_address>0x20200715</load_address>
         <run_address>0x20200715</run_address>
         <size>0x1</size>
         <input_file_ref idref="fl-4"/>
      </object_component>
      <object_component id="oc-bd">
         <name>.data.GrabPowerUpFlag</name>
         <load_address>0x20200713</load_address>
         <run_address>0x20200713</run_address>
         <size>0x1</size>
         <input_file_ref idref="fl-4"/>
      </object_component>
      <object_component id="oc-c6">
         <name>.data.ResumeDoodlerMovement</name>
         <load_address>0x20200716</load_address>
         <run_address>0x20200716</run_address>
         <size>0x1</size>
         <input_file_ref idref="fl-4"/>
      </object_component>
      <object_component id="oc-c8">
         <name>.data.sameYCnt</name>
         <load_address>0x20200719</load_address>
         <run_address>0x20200719</run_address>
         <size>0x1</size>
         <input_file_ref idref="fl-4"/>
      </object_component>
      <object_component id="oc-88">
         <name>.data.MAINMENU</name>
         <load_address>0x20200714</load_address>
         <run_address>0x20200714</run_address>
         <size>0x1</size>
         <input_file_ref idref="fl-7"/>
      </object_component>
      <object_component id="oc-17d">
         <name>.data.ENGLISH</name>
         <load_address>0x20200712</load_address>
         <run_address>0x20200712</run_address>
         <size>0x1</size>
         <input_file_ref idref="fl-7"/>
      </object_component>
      <object_component id="oc-1cb">
         <name>.data.TRANSITION</name>
         <load_address>0x20200717</load_address>
         <run_address>0x20200717</run_address>
         <size>0x1</size>
         <input_file_ref idref="fl-7"/>
      </object_component>
      <object_component id="oc-169">
         <name>.data.M</name>
         <load_address>0x202006ec</load_address>
         <run_address>0x202006ec</run_address>
         <size>0x4</size>
         <input_file_ref idref="fl-7"/>
      </object_component>
      <object_component id="oc-1d1">
         <name>.data.StX</name>
         <load_address>0x202006f4</load_address>
         <run_address>0x202006f4</run_address>
         <size>0x4</size>
         <input_file_ref idref="fl-b"/>
      </object_component>
      <object_component id="oc-1d2">
         <name>.data.StY</name>
         <load_address>0x202006f8</load_address>
         <run_address>0x202006f8</run_address>
         <size>0x4</size>
         <input_file_ref idref="fl-b"/>
      </object_component>
      <object_component id="oc-1a8">
         <name>.data.StTextColor</name>
         <load_address>0x2020070c</load_address>
         <run_address>0x2020070c</run_address>
         <size>0x2</size>
         <input_file_ref idref="fl-b"/>
      </object_component>
      <object_component id="oc-15b">
         <name>.data._width</name>
         <load_address>0x20200710</load_address>
         <run_address>0x20200710</run_address>
         <size>0x2</size>
         <input_file_ref idref="fl-b"/>
      </object_component>
      <object_component id="oc-15c">
         <name>.data._height</name>
         <load_address>0x2020070e</load_address>
         <run_address>0x2020070e</run_address>
         <size>0x2</size>
         <input_file_ref idref="fl-b"/>
      </object_component>
      <object_component id="oc-1b6">
         <name>.data._search_fp.init</name>
         <load_address>0x20200718</load_address>
         <run_address>0x20200718</run_address>
         <size>0x1</size>
         <input_file_ref idref="fl-2c"/>
      </object_component>
      <object_component id="oc-2b6">
         <name>.data.__aeabi_errno</name>
         <load_address>0x20200700</load_address>
         <run_address>0x20200700</run_address>
         <size>0x4</size>
         <input_file_ref idref="fl-33"/>
      </object_component>
      <object_component id="oc-188">
         <name>.data..L_MergedGlobals</name>
         <load_address>0x202006e0</load_address>
         <run_address>0x202006e0</run_address>
         <size>0x8</size>
         <input_file_ref idref="fl-34"/>
      </object_component>
      <object_component id="oc-186">
         <name>.data._lock</name>
         <load_address>0x20200704</load_address>
         <run_address>0x20200704</run_address>
         <size>0x4</size>
         <input_file_ref idref="fl-35"/>
      </object_component>
      <object_component id="oc-189">
         <name>.data._unlock</name>
         <load_address>0x20200708</load_address>
         <run_address>0x20200708</run_address>
         <size>0x4</size>
         <input_file_ref idref="fl-35"/>
      </object_component>
      <object_component id="oc-156">
         <name>.data._ftable</name>
         <load_address>0x20200528</load_address>
         <run_address>0x20200528</run_address>
         <size>0xf0</size>
         <input_file_ref idref="fl-39"/>
      </object_component>
      <object_component id="oc-1b7">
         <name>.data.__TI_ft_end</name>
         <load_address>0x202006fc</load_address>
         <run_address>0x202006fc</run_address>
         <size>0x4</size>
         <input_file_ref idref="fl-39"/>
      </object_component>
      <object_component id="oc-270">
         <name>.data.memory_is_initialized</name>
         <load_address>0x20200720</load_address>
         <run_address>0x20200720</run_address>
         <size>0x1</size>
         <input_file_ref idref="fl-3b"/>
      </object_component>
      <object_component id="oc-1b0">
         <name>.data._device</name>
         <load_address>0x20200618</load_address>
         <run_address>0x20200618</run_address>
         <size>0x78</size>
         <input_file_ref idref="fl-85"/>
      </object_component>
      <object_component id="oc-25a">
         <name>.data._stream</name>
         <load_address>0x20200690</load_address>
         <run_address>0x20200690</run_address>
         <size>0x50</size>
         <input_file_ref idref="fl-85"/>
      </object_component>
      <object_component id="oc-259">
         <name>.data.open.stream_init</name>
         <load_address>0x20200724</load_address>
         <run_address>0x20200724</run_address>
         <size>0x1</size>
         <input_file_ref idref="fl-87"/>
      </object_component>
      <object_component id="oc-1af">
         <name>.data.add_device.device_init</name>
         <load_address>0x2020071c</load_address>
         <run_address>0x2020071c</run_address>
         <size>0x1</size>
         <input_file_ref idref="fl-8a"/>
[...]
      </symbol>
      <symbol id="sm-229">
         <name>TIMG7_IRQHandler</name>
         <value>0xb461</value>
         <object_component_ref idref="oc-33"/>
      </symbol>
      <symbol id="sm-22a">
         <name>TExaSadc</name>
         <value>0x20200304</value>
      </symbol>
      <symbol id="sm-22b">
         <name>TExaSLogic</name>
         <value>0x20200300</value>
      </symbol>
      <symbol id="sm-22c">
         <name>TExaS_Init</name>
         <value>0xb0d1</value>
         <object_component_ref idref="oc-eb"/>
      </symbol>
      <symbol id="sm-239">
         <name>TimerG7_IntArm</name>
         <value>0x9fdd</value>
         <object_component_ref idref="oc-166"/>
      </symbol>
      <symbol id="sm-23a">
         <name>TimerG12_IntArm</name>
         <value>0xa43d</value>
         <object_component_ref idref="oc-ec"/>
      </symbol>
      <symbol id="sm-248">
         <name>Default_Handler</name>
         <value>0xbfc9</value>
         <object_component_ref idref="oc-2c"/>
      </symbol>
      <symbol id="sm-249">
         <name>Reset_Handler</name>
         <value>0xbfd1</value>
         <object_component_ref idref="oc-28"/>
      </symbol>
      <symbol id="sm-24a">
         <name>HardFault_Handler</name>
         <value>0xbfcd</value>
         <object_component_ref idref="oc-2d"/>
      </symbol>
      <symbol id="sm-24b">
         <name>interruptVectors</name>
         <value>0x0</value>
         <object_component_ref idref="oc-18"/>
      </symbol>
      <symbol id="sm-24c">
         <name>NMI_Handler</name>
         <value>0xbfc9</value>
         <object_component_ref idref="oc-2c"/>
      </symbol>
      <symbol id="sm-24d">
         <name>SVC_Handler</name>
         <value>0xbfc9</value>
         <object_component_ref idref="oc-2c"/>
      </symbol>
      <symbol id="sm-24e">
         <name>PendSV_Handler</name>
         <value>0xbfc9</value>
         <object_component_ref idref="oc-2c"/>
      </symbol>
      <symbol id="sm-24f">
         <name>GROUP0_IRQHandler</name>
         <value>0xbfc9</value>
         <object_component_ref idref="oc-2c"/>
      </symbol>
      <symbol id="sm-250">
         <name>GROUP1_IRQHandler</name>
         <value>0xbfc9</value>
         <object_component_ref idref="oc-2c"/>
      </symbol>
      <symbol id="sm-251">
         <name>TIMG8_IRQHandler</name>
         <value>0xbfc9</value>
         <object_component_ref idref="oc-2c"/>
      </symbol>
      <symbol id="sm-252">
         <name>UART3_IRQHandler</name>
         <value>0xbfc9</value>
         <object_component_ref idref="oc-2c"/>
      </symbol>
      <symbol id="sm-253">
         <name>ADC0_IRQHandler</name>
         <value>0xbfc9</value>
         <object_component_ref idref="oc-2c"/>
      </symbol>
      <symbol id="sm-254">
         <name>ADC1_IRQHandler</name>
         <value>0xbfc9</value>
         <object_component_ref idref="oc-2c"/>
      </symbol>
      <symbol id="sm-255">
         <name>CANFD0_IRQHandler</name>
         <value>0xbfc9</value>
         <object_component_ref idref="oc-2c"/>
      </symbol>
      <symbol id="sm-256">
         <name>DAC0_IRQHandler</name>
         <value>0xbfc9</value>
         <object_component_ref idref="oc-2c"/>
      </symbol>
      <symbol id="sm-257">
         <name>SPI0_IRQHandler</name>
         <value>0xbfc9</value>
         <object_component_ref idref="oc-2c"/>
      </symbol>
      <symbol id="sm-258">
         <name>SPI1_IRQHandler</name>
         <value>0xbfc9</value>
         <object_component_ref idref="oc-2c"/>
      </symbol>
      <symbol id="sm-259">
         <name>UART1_IRQHandler</name>
         <value>0xbfc9</value>
         <object_component_ref idref="oc-2c"/>
      </symbol>
      <symbol id="sm-25a">
         <name>UART2_IRQHandler</name>
         <value>0xbfc9</value>
         <object_component_ref idref="oc-2c"/>
      </symbol>
      <symbol id="sm-25b">
         <name>UART0_IRQHandler</name>
         <value>0xbfc9</value>
         <object_component_ref idref="oc-2c"/>
      </symbol>
      <symbol id="sm-25c">
         <name>TIMG0_IRQHandler</name>
         <value>0xbfc9</value>
         <object_component_ref idref="oc-2c"/>
      </symbol>
      <symbol id="sm-25d">
         <name>TIMG6_IRQHandler</name>
         <value>0xbfc9</value>
         <object_component_ref idref="oc-2c"/>
      </symbol>
      <symbol id="sm-25e">
         <name>TIMA0_IRQHandler</name>
         <value>0xbfc9</value>
         <object_component_ref idref="oc-2c"/>
      </symbol>
      <symbol id="sm-25f">
         <name>TIMA1_IRQHandler</name>
         <value>0xbfc9</value>
         <object_component_ref idref="oc-2c"/>
      </symbol>
      <symbol id="sm-260">
         <name>I2C0_IRQHandler</name>
         <value>0xbfc9</value>
         <object_component_ref idref="oc-2c"/>
      </symbol>
      <symbol id="sm-261">
         <name>I2C1_IRQHandler</name>
         <value>0xbfc9</value>
         <object_component_ref idref="oc-2c"/>
      </symbol>
      <symbol id="sm-262">
         <name>AES_IRQHandler</name>
         <value>0xbfc9</value>
         <object_component_ref idref="oc-2c"/>
      </symbol>
      <symbol id="sm-263">
         <name>RTC_IRQHandler</name>
         <value>0xbfc9</value>
         <object_component_ref idref="oc-2c"/>
      </symbol>
      <symbol id="sm-264">
         <name>DMA_IRQHandler</name>
         <value>0xbfc9</value>
         <object_component_ref idref="oc-2c"/>
      </symbol>
      <symbol id="sm-275">
         <name>printf</name>
         <value>0xaf15</value>
         <object_component_ref idref="oc-177"/>
      </symbol>
      <symbol id="sm-296">
         <name>__TI_printfi_nofloat</name>
         <value>0x7921</value>
         <object_component_ref idref="oc-22b"/>
      </symbol>
      <symbol id="sm-2ad">
         <name>fopen</name>
         <value>0xa66d</value>
         <object_component_ref idref="oc-143"/>
      </symbol>
      <symbol id="sm-2ae">
         <name>__TI_cleanup</name>
         <value>0xb8b1</value>
         <object_component_ref idref="oc-1c3"/>
      </symbol>
      <symbol id="sm-2af">
         <name>freopen</name>
         <value>0xb981</value>
         <object_component_ref idref="oc-149"/>
      </symbol>
      <symbol id="sm-2ba">
         <name>fputc</name>
         <value>0xa4d1</value>
         <object_component_ref idref="oc-233"/>
      </symbol>
      <symbol id="sm-2c5">
         <name>fputs</name>
         <value>0x95b9</value>
         <object_component_ref idref="oc-22d"/>
      </symbol>
      <symbol id="sm-2cf">
         <name>__TI_wrt_ok</name>
         <value>0xad91</value>
         <object_component_ref idref="oc-298"/>
      </symbol>
      <symbol id="sm-2d9">
         <name>setvbuf</name>
         <value>0x9a59</value>
         <object_component_ref idref="oc-14a"/>
      </symbol>
      <symbol id="sm-2e6">
         <name>__aeabi_errno_addr</name>
         <value>0xbf99</value>
         <object_component_ref idref="oc-283"/>
      </symbol>
      <symbol id="sm-2e7">
         <name>__aeabi_errno</name>
         <value>0x20200700</value>
         <object_component_ref idref="oc-2b6"/>
      </symbol>
      <symbol id="sm-2f5">
         <name>abort</name>
         <value>0xbfd9</value>
         <object_component_ref idref="oc-102"/>
      </symbol>
      <symbol id="sm-2f6">
         <name>C$$EXIT</name>
         <value>0xbfd8</value>
         <object_component_ref idref="oc-102"/>
      </symbol>
      <symbol id="sm-2f7">
         <name>__TI_cleanup_ptr</name>
         <value>0x202006e0</value>
         <object_component_ref idref="oc-188"/>
      </symbol>
      <symbol id="sm-2f8">
         <name>__TI_dtors_ptr</name>
         <value>0x202006e4</value>
         <object_component_ref idref="oc-188"/>
      </symbol>
      <symbol id="sm-2f9">
         <name>exit</name>
         <value>0xb94d</value>
         <object_component_ref idref="oc-107"/>
      </symbol>
      <symbol id="sm-302">
         <name>_nop</name>
         <value>0xb17f</value>
         <object_component_ref idref="oc-1db"/>
      </symbol>
      <symbol id="sm-303">
         <name>_lock</name>
         <value>0x20200704</value>
         <object_component_ref idref="oc-186"/>
      </symbol>
      <symbol id="sm-304">
         <name>_unlock</name>
         <value>0x20200708</value>
         <object_component_ref idref="oc-189"/>
      </symbol>
      <symbol id="sm-310">
         <name>atoi</name>
         <value>0xb3dd</value>
         <object_component_ref idref="oc-27b"/>
      </symbol>
      <symbol id="sm-315">
         <name>_ftable</name>
         <value>0x20200528</value>
         <object_component_ref idref="oc-156"/>
      </symbol>
      <symbol id="sm-316">
         <name>__TI_ft_end</name>
         <value>0x202006fc</value>
         <object_component_ref idref="oc-1b7"/>
      </symbol>
      <symbol id="sm-317">
         <name>__TI_tmpnams</name>
         <value>0x202001f2</value>
      </symbol>
      <symbol id="sm-320">
         <name>memccpy</name>
         <value>0xbc5f</value>
         <object_component_ref idref="oc-274"/>
      </symbol>
      <symbol id="sm-340">
         <name>malloc</name>
         <value>0xbf6d</value>
         <object_component_ref idref="oc-1c2"/>
      </symbol>
      <symbol id="sm-341">
         <name>aligned_alloc</name>
         <value>0x8e21</value>
         <object_component_ref idref="oc-222"/>
      </symbol>
      <symbol id="sm-342">
         <name>free</name>
         <value>0x93c1</value>
         <object_component_ref idref="oc-1c0"/>
      </symbol>
      <symbol id="sm-343">
         <name>_sys_memory</name>
         <value>0x20200328</value>
         <object_component_ref idref="oc-26"/>
      </symbol>
      <symbol id="sm-344">
         <name>memalign</name>
         <value>0x8e21</value>
         <object_component_ref idref="oc-222"/>
      </symbol>
      <symbol id="sm-34e">
         <name>__TI_zero_init_nomemset</name>
         <value>0xbe61</value>
         <object_component_ref idref="oc-4f"/>
      </symbol>
      <symbol id="sm-357">
         <name>__TI_decompress_none</name>
         <value>0xbe9b</value>
         <object_component_ref idref="oc-20"/>
      </symbol>
      <symbol id="sm-362">
         <name>__TI_decompress_lzss</name>
         <value>0xac61</value>
         <object_component_ref idref="oc-1c"/>
      </symbol>
      <symbol id="sm-36d">
         <name>_c_int00_noargs</name>
         <value>0xbc11</value>
         <object_component_ref idref="oc-58"/>
      </symbol>
      <symbol id="sm-36e">
         <name>__stack</name>
         <value>0x20207e00</value>
         <object_component_ref idref="oc-1a"/>
      </symbol>
      <symbol id="sm-379">
         <name>wcslen</name>
         <value>0xbefd</value>
         <object_component_ref idref="oc-27f"/>
      </symbol>
      <symbol id="sm-385">
         <name>__TI_closefile</name>
         <value>0xa86d</value>
         <object_component_ref idref="oc-1ba"/>
      </symbol>
      <symbol id="sm-38f">
         <name>__TI_doflush</name>
         <value>0xb1d5</value>
         <object_component_ref idref="oc-20f"/>
      </symbol>
      <symbol id="sm-39c">
         <name>fseek</name>
         <value>0xbfb1</value>
         <object_component_ref idref="oc-2f3"/>
      </symbol>
      <symbol id="sm-39d">
         <name>fseeko</name>
         <value>0xaab9</value>
         <object_component_ref idref="oc-312"/>
      </symbol>
      <symbol id="sm-39e">
         <name>__aeabi_ctype_table_</name>
         <value>0x7590</value>
         <object_component_ref idref="oc-2af"/>
      </symbol>
      <symbol id="sm-39f">
         <name>__aeabi_ctype_table_C</name>
         <value>0x7590</value>
         <object_component_ref idref="oc-2af"/>
      </symbol>
      <symbol id="sm-3ab">
         <name>__TI_auto_init_nobinit_nopinit</name>
         <value>0xb689</value>
         <object_component_ref idref="oc-109"/>
      </symbol>
      <symbol id="sm-3b3">
         <name>_system_pre_init</name>
         <value>0xbfd5</value>
         <object_component_ref idref="oc-94"/>
      </symbol>
      <symbol id="sm-3be">
         <name>write</name>
         <value>0xbbe9</value>
         <object_component_ref idref="oc-25e"/>
      </symbol>
      <symbol id="sm-3c3">
         <name>_device</name>
         <value>0x20200618</value>
         <object_component_ref idref="oc-1b0"/>
      </symbol>
      <symbol id="sm-3c4">
         <name>_stream</name>
         <value>0x20200690</value>
         <object_component_ref idref="oc-25a"/>
      </symbol>
      <symbol id="sm-3cd">
         <name>remove</name>
         <value>0xbfb9</value>
         <object_component_ref idref="oc-219"/>
      </symbol>
      <symbol id="sm-3d9">
         <name>open</name>
         <value>0xa085</value>
         <object_component_ref idref="oc-20b"/>
      </symbol>
      <symbol id="sm-3e3">
         <name>lseek</name>
         <value>0xbbc1</value>
         <object_component_ref idref="oc-316"/>
      </symbol>
      <symbol id="sm-3ed">
         <name>close</name>
         <value>0xb225</value>
         <object_component_ref idref="oc-215"/>
      </symbol>
      <symbol id="sm-3f9">
         <name>add_device</name>
         <value>0x988d</value>
         <object_component_ref idref="oc-13f"/>
      </symbol>
      <symbol id="sm-403">
         <name>unlink</name>
         <value>0xbacd</value>
         <object_component_ref idref="oc-267"/>
      </symbol>
      <symbol id="sm-40d">
         <name>HOSTclose</name>
         <value>0xb2c1</value>
         <object_component_ref idref="oc-1ee"/>
      </symbol>
      <symbol id="sm-417">
         <name>HOSTlseek</name>
         <value>0xab91</value>
         <object_component_ref idref="oc-1fa"/>
      </symbol>
      <symbol id="sm-421">
         <name>HOSTopen</name>
         <value>0xaeb9</value>
         <object_component_ref idref="oc-1ea"/>
      </symbol>
      <symbol id="sm-422">
         <name>parmbuf</name>
         <value>0x202002ec</value>
      </symbol>
      <symbol id="sm-42c">
         <name>HOSTread</name>
         <value>0xb021</value>
         <object_component_ref idref="oc-1f2"/>
      </symbol>
      <symbol id="sm-43d">
         <name>HOSTrename</name>
         <value>0xabf9</value>
         <object_component_ref idref="oc-202"/>
      </symbol>
      <symbol id="sm-447">
         <name>HOSTunlink</name>
         <value>0xb309</value>
         <object_component_ref idref="oc-1fe"/>
      </symbol>
      <symbol id="sm-451">
         <name>HOSTwrite</name>
         <value>0xb079</value>
         <object_component_ref idref="oc-1f6"/>
      </symbol>
      <symbol id="sm-45f">
         <name>C$$IO$$</name>
         <value>0xb943</value>
         <object_component_ref idref="oc-23a"/>
      </symbol>
      <symbol id="sm-460">
         <name>__TI_writemsg</name>
         <value>0xb919</value>
         <object_component_ref idref="oc-23a"/>
      </symbol>
      <symbol id="sm-461">
         <name>__CIOBUF_</name>
         <value>0x20200000</value>
         <object_component_ref idref="oc-2a2"/>
      </symbol>
      <symbol id="sm-462">
         <name>__TI_readmsg</name>
         <value>0xb8e5</value>
         <object_component_ref idref="oc-240"/>
      </symbol>
      <symbol id="sm-463">
         <name>_CIOBUF_</name>
         <value>0x20200000</value>
         <object_component_ref idref="oc-2a2"/>
      </symbol>
      <symbol id="sm-469">
         <name>__muldsi3</name>
         <value>0xb6c5</value>
         <object_component_ref idref="oc-2ba"/>
      </symbol>
      <symbol id="sm-46f">
         <name>__aeabi_lmul</name>
         <value>0xbc85</value>
         <object_component_ref idref="oc-288"/>
      </symbol>
      <symbol id="sm-470">
         <name>__muldi3</name>
         <value>0xbc85</value>
         <object_component_ref idref="oc-288"/>
      </symbol>
      <symbol id="sm-476">
         <name>__aeabi_idiv</name>
         <value>0xb129</value>
         <object_component_ref idref="oc-12b"/>
      </symbol>
      <symbol id="sm-477">
         <name>__aeabi_idivmod</name>
         <value>0xb129</value>
         <object_component_ref idref="oc-12b"/>
      </symbol>
      <symbol id="sm-47d">
         <name>__aeabi_memcpy</name>
         <value>0xbfc1</value>
         <object_component_ref idref="oc-48"/>
      </symbol>
      <symbol id="sm-47e">
         <name>__aeabi_memcpy4</name>
         <value>0xbfc1</value>
         <object_component_ref idref="oc-48"/>
      </symbol>
      <symbol id="sm-47f">
         <name>__aeabi_memcpy8</name>
         <value>0xbfc1</value>
         <object_component_ref idref="oc-48"/>
      </symbol>
      <symbol id="sm-485">
         <name>__aeabi_memset</name>
         <value>0xbd7d</value>
         <object_component_ref idref="oc-90"/>
      </symbol>
      <symbol id="sm-486">
         <name>__aeabi_memset4</name>
         <value>0xbd7d</value>
         <object_component_ref idref="oc-90"/>
      </symbol>
      <symbol id="sm-487">
         <name>__aeabi_memset8</name>
         <value>0xbd7d</value>
         <object_component_ref idref="oc-90"/>
      </symbol>
      <symbol id="sm-488">
         <name>__aeabi_memclr</name>
         <value>0xbd8d</value>
         <object_component_ref idref="oc-90"/>
      </symbol>
      <symbol id="sm-489">
         <name>__aeabi_memclr4</name>
         <value>0xbd8d</value>
         <object_component_ref idref="oc-90"/>
      </symbol>
      <symbol id="sm-48a">
         <name>__aeabi_memclr8</name>
         <value>0xbd8d</value>
         <object_component_ref idref="oc-90"/>
      </symbol>
      <symbol id="sm-490">
         <name>__aeabi_uidiv</name>
         <value>0xb4a1</value>
         <object_component_ref idref="oc-b4"/>
      </symbol>
      <symbol id="sm-491">
         <name>__aeabi_uidivmod</name>
         <value>0xb4a1</value>
         <object_component_ref idref="oc-b4"/>
      </symbol>
      <symbol id="sm-497">
         <name>__aeabi_uldivmod</name>
         <value>0xbe75</value>
         <object_component_ref idref="oc-28c"/>
      </symbol>
      <symbol id="sm-49d">
         <name>__udivmoddi4</name>
         <value>0xa1d1</value>
         <object_component_ref idref="oc-2bf"/>
      </symbol>
      <symbol id="sm-4a3">
         <name>__aeabi_llsl</name>
         <value>0xbd09</value>
         <object_component_ref idref="oc-2fd"/>
      </symbol>
      <symbol id="sm-4a4">
         <name>__ashldi3</name>
         <value>0xbd09</value>
         <object_component_ref idref="oc-2fd"/>
      </symbol>
      <symbol id="sm-4b1">
         <name>__aeabi_idiv0</name>
         <value>0xa1cf</value>
         <object_component_ref idref="oc-11d"/>
      </symbol>
      <symbol id="sm-4b2">
         <name>__aeabi_ldiv0</name>
         <value>0xa273</value>
         <object_component_ref idref="oc-2fc"/>
      </symbol>
      <symbol id="sm-4c0">
         <name>finddevice</name>
         <value>0xb7a9</value>
         <object_component_ref idref="oc-1a9"/>
      </symbol>
      <symbol id="sm-4c1">
         <name>getdevice</name>
         <value>0xab25</value>
         <object_component_ref idref="oc-258"/>
      </symbol>
      <symbol id="sm-4ca">
         <name>TI_memcpy_small</name>
         <value>0xbe89</value>
         <object_component_ref idref="oc-cd"/>
      </symbol>
      <symbol id="sm-4d3">
         <name>TI_memset_small</name>
         <value>0xbf45</value>
         <object_component_ref idref="oc-130"/>
      </symbol>
      <symbol id="sm-4d4">
         <name>__TI_static_base__</name>
         <value>0x0</value>
      </symbol>
      <symbol id="sm-4d7">
         <name>__mpu_init</name>
         <value>0x0</value>
      </symbol>
      <symbol id="sm-4d8">
         <name>_system_post_cinit</name>
         <value>0x0</value>
      </symbol>
   </symbol_table>
   <title>Link successful</title>
</link_info>
